Report time       : Wed Dec 18 20:25:15 SEAST 2024.
Solution          : solution3.
Simulation tool   : xsim.

+----------+----------+-----------------------------------------------+-----------------------------------------------+
|          |          |                    Latency                    |                    Interval                   |
+   RTL    +  Status  +-----------------------------------------------+-----------------------------------------------+
|          |          |      min      |      avg      |      max      |      min      |      avg      |      max      |
+----------+----------+-----------------------------------------------+-----------------------------------------------+
|      VHDL|      Pass|             71|             71|             71|             NA|             NA|             NA|
|   Verilog|        NA|             72|             72|             72|             NA|             NA|             NA|
+----------+----------+-----------------------------------------------+-----------------------------------------------+
