

================================================================
== Vivado HLS Report for 'convolve_2d'
================================================================
* Date:           Wed Dec 18 20:43:09 2024

* Version:        2018.3 (Build 2405991 on Thu Dec 06 23:56:15 MST 2018)
* Project:        conv2Dbuffer
* Solution:       solution3
* Product family: zynq
* Target device:  xc7z020clg484-1


================================================================
== Performance Estimates
================================================================
+ Timing (ns): 
    * Summary: 
    +--------+-------+----------+------------+
    |  Clock | Target| Estimated| Uncertainty|
    +--------+-------+----------+------------+
    |ap_clk  |  10.00|     8.742|        1.25|
    +--------+-------+----------+------------+

+ Latency (clock cycles): 
    * Summary: 
    +-----+-----+-----+-----+---------+
    |  Latency  |  Interval | Pipeline|
    | min | max | min | max |   Type  |
    +-----+-----+-----+-----+---------+
    |   71|   71|   71|   71|   none  |
    +-----+-----+-----+-----+---------+

    + Detail: 
        * Instance: 
        N/A

        * Loop: 
        +-----------------------------------------+-----+-----+----------+-----------+-----------+------+----------+
        |                                         |  Latency  | Iteration|  Initiation Interval  | Trip |          |
        |                Loop Name                | min | max |  Latency |  achieved |   target  | Count| Pipelined|
        +-----------------------------------------+-----+-----+----------+-----------+-----------+------+----------+
        |- L_convolve_2d_label0                   |   14|   14|         1|          1|          1|    14|    yes   |
        |- convolve_2d_label6_convolve_2d_label1  |   53|   53|         6|          1|          1|    49|    yes   |
        +-----------------------------------------+-----+-----+----------+-----------+-----------+------+----------+

============================================================
+ Verbose Summary: Synthesis Manager
============================================================
InlineROM: 1
ExposeGlobal: 0
============================================================
+ Verbose Summary: CDFG Model
============================================================
IsTopModel: 1
ResetActiveHigh: 1
IsCombinational: 0
IsDatapathOnly: 0
HasWiredReturn: 1
HasMFsm: 0
HasVarLatency: 1
IsPipeline: 0
IsRtlPipelined: 0
IsInstanceOverlapped: 0
IsDontTouch: 0
HasImplIP: 0
IsGatedGlobalClock: 0

+ Individual pipeline summary: 
  * Pipeline-0: initiation interval (II) = 1, depth = 1
  * Pipeline-1: initiation interval (II) = 1, depth = 6


============================================================
+ Verbose Summary: Schedule
============================================================
* Number of FSM states : 10
* Pipeline : 2
  Pipeline-0 : II = 1, D = 1, States = { 2 }
  Pipeline-1 : II = 1, D = 6, States = { 4 5 6 7 8 9 }
* Dataflow Pipeline: 0

* FSM state transitions: 
1 --> 
	2  / true
2 --> 
	3  / (exitcond_flatten)
	2  / (!exitcond_flatten)
3 --> 
	4  / true
4 --> 
	10  / (exitcond_flatten8)
	5  / (!exitcond_flatten8)
5 --> 
	6  / true
6 --> 
	7  / true
7 --> 
	8  / true
8 --> 
	9  / true
9 --> 
	4  / true
10 --> 

* FSM state operations: 

State 1 <SV = 0> <Delay = 1.76>
ST_1 : Operation 11 [1/1] (0.00ns)   --->   "call void (...)* @_ssdm_op_SpecBitsMap(i32* %kernel_2_2), !map !30"   --->   Operation 11 'specbitsmap' <Predicate = true> <Delay = 0.00>
ST_1 : Operation 12 [1/1] (0.00ns)   --->   "call void (...)* @_ssdm_op_SpecBitsMap(i32* %kernel_2_1), !map !36"   --->   Operation 12 'specbitsmap' <Predicate = true> <Delay = 0.00>
ST_1 : Operation 13 [1/1] (0.00ns)   --->   "call void (...)* @_ssdm_op_SpecBitsMap(i32* %kernel_2_0), !map !42"   --->   Operation 13 'specbitsmap' <Predicate = true> <Delay = 0.00>
ST_1 : Operation 14 [1/1] (0.00ns)   --->   "call void (...)* @_ssdm_op_SpecBitsMap(i32* %kernel_1_2), !map !48"   --->   Operation 14 'specbitsmap' <Predicate = true> <Delay = 0.00>
ST_1 : Operation 15 [1/1] (0.00ns)   --->   "call void (...)* @_ssdm_op_SpecBitsMap(i32* %kernel_1_1), !map !53"   --->   Operation 15 'specbitsmap' <Predicate = true> <Delay = 0.00>
ST_1 : Operation 16 [1/1] (0.00ns)   --->   "call void (...)* @_ssdm_op_SpecBitsMap(i32* %kernel_1_0), !map !58"   --->   Operation 16 'specbitsmap' <Predicate = true> <Delay = 0.00>
ST_1 : Operation 17 [1/1] (0.00ns)   --->   "call void (...)* @_ssdm_op_SpecBitsMap(i32* %kernel_0_2), !map !63"   --->   Operation 17 'specbitsmap' <Predicate = true> <Delay = 0.00>
ST_1 : Operation 18 [1/1] (0.00ns)   --->   "call void (...)* @_ssdm_op_SpecBitsMap(i32* %kernel_0_1), !map !68"   --->   Operation 18 'specbitsmap' <Predicate = true> <Delay = 0.00>
ST_1 : Operation 19 [1/1] (0.00ns)   --->   "call void (...)* @_ssdm_op_SpecBitsMap(i32* %kernel_0_0), !map !73"   --->   Operation 19 'specbitsmap' <Predicate = true> <Delay = 0.00>
ST_1 : Operation 20 [1/1] (0.00ns)   --->   "call void (...)* @_ssdm_op_SpecBitsMap(i32* %out_stream_V), !map !78"   --->   Operation 20 'specbitsmap' <Predicate = true> <Delay = 0.00>
ST_1 : Operation 21 [1/1] (0.00ns)   --->   "call void (...)* @_ssdm_op_SpecBitsMap(i32* %in_stream_V), !map !84"   --->   Operation 21 'specbitsmap' <Predicate = true> <Delay = 0.00>
ST_1 : Operation 22 [1/1] (0.00ns)   --->   "call void (...)* @_ssdm_op_SpecTopModule([12 x i8]* @convolve_2d_str) nounwind"   --->   Operation 22 'spectopmodule' <Predicate = true> <Delay = 0.00>
ST_1 : Operation 23 [1/1] (0.00ns)   --->   "call void (...)* @_ssdm_op_SpecInterface(i32* %in_stream_V, [5 x i8]* @p_str4, i32 1, i32 1, [5 x i8]* @p_str5, i32 0, i32 0, [1 x i8]* @p_str2, [1 x i8]* @p_str2, [1 x i8]* @p_str2, i32 0, i32 0, i32 0, i32 0, [1 x i8]* @p_str2, [1 x i8]* @p_str2) nounwind" [convolve_2d.cpp:28]   --->   Operation 23 'specinterface' <Predicate = true> <Delay = 0.00>
ST_1 : Operation 24 [1/1] (0.00ns)   --->   "call void (...)* @_ssdm_op_SpecInterface(i32* %out_stream_V, [5 x i8]* @p_str4, i32 1, i32 1, [5 x i8]* @p_str5, i32 0, i32 0, [1 x i8]* @p_str2, [1 x i8]* @p_str2, [1 x i8]* @p_str2, i32 0, i32 0, i32 0, i32 0, [1 x i8]* @p_str2, [1 x i8]* @p_str2) nounwind" [convolve_2d.cpp:28]   --->   Operation 24 'specinterface' <Predicate = true> <Delay = 0.00>
ST_1 : Operation 25 [1/1] (0.00ns)   --->   "call void (...)* @_ssdm_op_SpecInterface(i32* %kernel_0_0, i32* %kernel_0_1, i32* %kernel_0_2, i32* %kernel_1_0, i32* %kernel_1_1, i32* %kernel_1_2, i32* %kernel_2_0, i32* %kernel_2_1, i32* %kernel_2_2, [5 x i8]* @p_str6, i32 0, i32 0, [1 x i8]* @p_str2, i32 0, i32 0, [1 x i8]* @p_str2, [1 x i8]* @p_str2, [1 x i8]* @p_str2, i32 0, i32 0, i32 0, i32 0, [1 x i8]* @p_str2, [1 x i8]* @p_str2) nounwind" [convolve_2d.cpp:28]   --->   Operation 25 'specinterface' <Predicate = true> <Delay = 0.00>
ST_1 : Operation 26 [1/1] (1.76ns)   --->   "br label %.preheader12" [convolve_2d.cpp:32]   --->   Operation 26 'br' <Predicate = true> <Delay = 1.76>

State 2 <SV = 1> <Delay = 5.89>
ST_2 : Operation 27 [1/1] (0.00ns)   --->   "%indvar_flatten = phi i4 [ 0, %0 ], [ %indvar_flatten_next, %.preheader12.preheader ]"   --->   Operation 27 'phi' 'indvar_flatten' <Predicate = true> <Delay = 0.00>
ST_2 : Operation 28 [1/1] (0.00ns)   --->   "%i = phi i2 [ 0, %0 ], [ %i_t_mid2_v, %.preheader12.preheader ]" [convolve_2d.cpp:34]   --->   Operation 28 'phi' 'i' <Predicate = true> <Delay = 0.00>
ST_2 : Operation 29 [1/1] (0.00ns)   --->   "%line_buf_1_6_1 = phi i32 [ undef, %0 ], [ %line_buf_1_6_2, %.preheader12.preheader ]" [convolve_2d.cpp:34]   --->   Operation 29 'phi' 'line_buf_1_6_1' <Predicate = true> <Delay = 0.00>
ST_2 : Operation 30 [1/1] (0.00ns)   --->   "%line_buf_1_5_1 = phi i32 [ undef, %0 ], [ %line_buf_1_5_2, %.preheader12.preheader ]" [convolve_2d.cpp:34]   --->   Operation 30 'phi' 'line_buf_1_5_1' <Predicate = true> <Delay = 0.00>
ST_2 : Operation 31 [1/1] (0.00ns)   --->   "%line_buf_1_4_1 = phi i32 [ undef, %0 ], [ %line_buf_1_4_2, %.preheader12.preheader ]" [convolve_2d.cpp:34]   --->   Operation 31 'phi' 'line_buf_1_4_1' <Predicate = true> <Delay = 0.00>
ST_2 : Operation 32 [1/1] (0.00ns)   --->   "%line_buf_1_3_1 = phi i32 [ undef, %0 ], [ %line_buf_1_3_2, %.preheader12.preheader ]" [convolve_2d.cpp:34]   --->   Operation 32 'phi' 'line_buf_1_3_1' <Predicate = true> <Delay = 0.00>
ST_2 : Operation 33 [1/1] (0.00ns)   --->   "%line_buf_1_2_1 = phi i32 [ undef, %0 ], [ %line_buf_1_2_2, %.preheader12.preheader ]" [convolve_2d.cpp:34]   --->   Operation 33 'phi' 'line_buf_1_2_1' <Predicate = true> <Delay = 0.00>
ST_2 : Operation 34 [1/1] (0.00ns)   --->   "%line_buf_1_1_1 = phi i32 [ undef, %0 ], [ %line_buf_1_1_2, %.preheader12.preheader ]" [convolve_2d.cpp:34]   --->   Operation 34 'phi' 'line_buf_1_1_1' <Predicate = true> <Delay = 0.00>
ST_2 : Operation 35 [1/1] (0.00ns)   --->   "%line_buf_1_0_1 = phi i32 [ undef, %0 ], [ %line_buf_1_0_2, %.preheader12.preheader ]" [convolve_2d.cpp:34]   --->   Operation 35 'phi' 'line_buf_1_0_1' <Predicate = true> <Delay = 0.00>
ST_2 : Operation 36 [1/1] (0.00ns)   --->   "%line_buf_0_6_1 = phi i32 [ undef, %0 ], [ %newSel2, %.preheader12.preheader ]" [convolve_2d.cpp:34]   --->   Operation 36 'phi' 'line_buf_0_6_1' <Predicate = true> <Delay = 0.00>
ST_2 : Operation 37 [1/1] (0.00ns)   --->   "%line_buf_0_5_1 = phi i32 [ undef, %0 ], [ %newSel5, %.preheader12.preheader ]" [convolve_2d.cpp:34]   --->   Operation 37 'phi' 'line_buf_0_5_1' <Predicate = true> <Delay = 0.00>
ST_2 : Operation 38 [1/1] (0.00ns)   --->   "%line_buf_0_4_1 = phi i32 [ undef, %0 ], [ %newSel8, %.preheader12.preheader ]" [convolve_2d.cpp:34]   --->   Operation 38 'phi' 'line_buf_0_4_1' <Predicate = true> <Delay = 0.00>
ST_2 : Operation 39 [1/1] (0.00ns)   --->   "%line_buf_0_3_1 = phi i32 [ undef, %0 ], [ %newSel10, %.preheader12.preheader ]" [convolve_2d.cpp:34]   --->   Operation 39 'phi' 'line_buf_0_3_1' <Predicate = true> <Delay = 0.00>
ST_2 : Operation 40 [1/1] (0.00ns)   --->   "%line_buf_0_2_1 = phi i32 [ undef, %0 ], [ %newSel13, %.preheader12.preheader ]" [convolve_2d.cpp:34]   --->   Operation 40 'phi' 'line_buf_0_2_1' <Predicate = true> <Delay = 0.00>
ST_2 : Operation 41 [1/1] (0.00ns)   --->   "%line_buf_0_1_1 = phi i32 [ undef, %0 ], [ %newSel15, %.preheader12.preheader ]" [convolve_2d.cpp:34]   --->   Operation 41 'phi' 'line_buf_0_1_1' <Predicate = true> <Delay = 0.00>
ST_2 : Operation 42 [1/1] (0.00ns)   --->   "%line_buf_0_0_1 = phi i32 [ undef, %0 ], [ %line_buf_0_0_2, %.preheader12.preheader ]" [convolve_2d.cpp:34]   --->   Operation 42 'phi' 'line_buf_0_0_1' <Predicate = true> <Delay = 0.00>
ST_2 : Operation 43 [1/1] (0.00ns)   --->   "%j = phi i3 [ 0, %0 ], [ %j_1, %.preheader12.preheader ]"   --->   Operation 43 'phi' 'j' <Predicate = true> <Delay = 0.00>
ST_2 : Operation 44 [1/1] (1.30ns)   --->   "%exitcond_flatten = icmp eq i4 %indvar_flatten, -2"   --->   Operation 44 'icmp' 'exitcond_flatten' <Predicate = true> <Delay = 1.30> <Core = "Cmp">   --->   Core 25 'Cmp' <Latency = 0> <II = 1> <Delay = 1.13> <FuncUnit> <Opcode : 'icmp'> <InPorts = 2> <OutPorts = 1>
ST_2 : Operation 45 [1/1] (1.73ns)   --->   "%indvar_flatten_next = add i4 %indvar_flatten, 1"   --->   Operation 45 'add' 'indvar_flatten_next' <Predicate = true> <Delay = 1.73> <Core = "AddSub">   --->   Core 14 'AddSub' <Latency = 0> <II = 1> <Delay = 1.65> <FuncUnit> <Opcode : 'add' 'sub'> <InPorts = 2> <OutPorts = 1>
ST_2 : Operation 46 [1/1] (0.00ns)   --->   "br i1 %exitcond_flatten, label %.preheader11.preheader.preheader, label %.preheader12.preheader"   --->   Operation 46 'br' <Predicate = true> <Delay = 0.00>
ST_2 : Operation 47 [1/1] (0.00ns)   --->   "call void (...)* @_ssdm_op_SpecLoopName([21 x i8]* @L_convolve_2d_label0)"   --->   Operation 47 'specloopname' <Predicate = (!exitcond_flatten)> <Delay = 0.00>
ST_2 : Operation 48 [1/1] (1.13ns)   --->   "%exitcond = icmp eq i3 %j, -1" [convolve_2d.cpp:33]   --->   Operation 48 'icmp' 'exitcond' <Predicate = (!exitcond_flatten)> <Delay = 1.13> <Core = "Cmp">   --->   Core 25 'Cmp' <Latency = 0> <II = 1> <Delay = 1.13> <FuncUnit> <Opcode : 'icmp'> <InPorts = 2> <OutPorts = 1>
ST_2 : Operation 49 [1/1] (0.98ns)   --->   "%j_mid2 = select i1 %exitcond, i3 0, i3 %j" [convolve_2d.cpp:33]   --->   Operation 49 'select' 'j_mid2' <Predicate = (!exitcond_flatten)> <Delay = 0.98> <Core = "Sel">   --->   Core 26 'Sel' <Latency = 0> <II = 1> <Delay = 0.69> <FuncUnit> <Opcode : 'select'> <InPorts = 3> <OutPorts = 1>
ST_2 : Operation 50 [1/1] (1.56ns)   --->   "%i_s = add i2 1, %i" [convolve_2d.cpp:32]   --->   Operation 50 'add' 'i_s' <Predicate = (!exitcond_flatten)> <Delay = 1.56> <Core = "AddSub">   --->   Core 14 'AddSub' <Latency = 0> <II = 1> <Delay = 1.65> <FuncUnit> <Opcode : 'add' 'sub'> <InPorts = 2> <OutPorts = 1>
ST_2 : Operation 51 [1/1] (0.99ns)   --->   "%i_t_mid2_v = select i1 %exitcond, i2 %i_s, i2 %i" [convolve_2d.cpp:34]   --->   Operation 51 'select' 'i_t_mid2_v' <Predicate = (!exitcond_flatten)> <Delay = 0.99> <Core = "Sel">   --->   Core 26 'Sel' <Latency = 0> <II = 1> <Delay = 0.69> <FuncUnit> <Opcode : 'select'> <InPorts = 3> <OutPorts = 1>
ST_2 : Operation 52 [1/1] (0.00ns)   --->   "%tmp = trunc i2 %i_t_mid2_v to i1" [convolve_2d.cpp:34]   --->   Operation 52 'trunc' 'tmp' <Predicate = (!exitcond_flatten)> <Delay = 0.00>
ST_2 : Operation 53 [1/1] (0.00ns)   --->   "call void (...)* @_ssdm_op_SpecLoopName([19 x i8]* @p_str7) nounwind" [convolve_2d.cpp:34]   --->   Operation 53 'specloopname' <Predicate = (!exitcond_flatten)> <Delay = 0.00>
ST_2 : Operation 54 [1/1] (0.00ns)   --->   "%tmp_3 = call i32 (...)* @_ssdm_op_SpecRegionBegin([19 x i8]* @p_str7)" [convolve_2d.cpp:34]   --->   Operation 54 'specregionbegin' 'tmp_3' <Predicate = (!exitcond_flatten)> <Delay = 0.00>
ST_2 : Operation 55 [1/1] (0.00ns)   --->   "call void (...)* @_ssdm_op_SpecPipeline(i32 -1, i32 1, i32 1, i32 0, [1 x i8]* @p_str2) nounwind" [convolve_2d.cpp:34]   --->   Operation 55 'specpipeline' <Predicate = (!exitcond_flatten)> <Delay = 0.00>
ST_2 : Operation 56 [1/1] (1.13ns)   --->   "%sel_tmp = icmp eq i3 %j_mid2, -3" [convolve_2d.cpp:34]   --->   Operation 56 'icmp' 'sel_tmp' <Predicate = (!exitcond_flatten)> <Delay = 1.13> <Core = "Cmp">   --->   Core 25 'Cmp' <Latency = 0> <II = 1> <Delay = 1.13> <FuncUnit> <Opcode : 'icmp'> <InPorts = 2> <OutPorts = 1>
ST_2 : Operation 57 [1/1] (0.00ns) (grouped into LUT with out node sel_tmp5)   --->   "%sel_tmp1 = select i1 %sel_tmp, i32 %line_buf_1_6_1, i32 0" [convolve_2d.cpp:34]   --->   Operation 57 'select' 'sel_tmp1' <Predicate = (!exitcond_flatten)> <Delay = 0.00> <Core = "Sel">   --->   Core 26 'Sel' <Latency = 0> <II = 1> <Delay = 0.69> <FuncUnit> <Opcode : 'select'> <InPorts = 3> <OutPorts = 1>
ST_2 : Operation 58 [1/1] (1.13ns)   --->   "%sel_tmp2 = icmp eq i3 %j_mid2, -4" [convolve_2d.cpp:34]   --->   Operation 58 'icmp' 'sel_tmp2' <Predicate = (!exitcond_flatten)> <Delay = 1.13> <Core = "Cmp">   --->   Core 25 'Cmp' <Latency = 0> <II = 1> <Delay = 1.13> <FuncUnit> <Opcode : 'icmp'> <InPorts = 2> <OutPorts = 1>
ST_2 : Operation 59 [1/1] (0.00ns) (grouped into LUT with out node sel_tmp5)   --->   "%sel_tmp3 = select i1 %sel_tmp2, i32 %line_buf_1_6_1, i32 %sel_tmp1" [convolve_2d.cpp:34]   --->   Operation 59 'select' 'sel_tmp3' <Predicate = (!exitcond_flatten)> <Delay = 0.00> <Core = "Sel">   --->   Core 26 'Sel' <Latency = 0> <II = 1> <Delay = 0.69> <FuncUnit> <Opcode : 'select'> <InPorts = 3> <OutPorts = 1>
ST_2 : Operation 60 [1/1] (1.13ns)   --->   "%sel_tmp4 = icmp eq i3 %j_mid2, 3" [convolve_2d.cpp:34]   --->   Operation 60 'icmp' 'sel_tmp4' <Predicate = (!exitcond_flatten)> <Delay = 1.13> <Core = "Cmp">   --->   Core 25 'Cmp' <Latency = 0> <II = 1> <Delay = 1.13> <FuncUnit> <Opcode : 'icmp'> <InPorts = 2> <OutPorts = 1>
ST_2 : Operation 61 [1/1] (0.69ns) (out node of the LUT)   --->   "%sel_tmp5 = select i1 %sel_tmp4, i32 %line_buf_1_6_1, i32 %sel_tmp3" [convolve_2d.cpp:34]   --->   Operation 61 'select' 'sel_tmp5' <Predicate = (!exitcond_flatten)> <Delay = 0.69> <Core = "Sel">   --->   Core 26 'Sel' <Latency = 0> <II = 1> <Delay = 0.69> <FuncUnit> <Opcode : 'select'> <InPorts = 3> <OutPorts = 1>
ST_2 : Operation 62 [1/1] (1.13ns)   --->   "%sel_tmp6 = icmp eq i3 %j_mid2, 2" [convolve_2d.cpp:34]   --->   Operation 62 'icmp' 'sel_tmp6' <Predicate = (!exitcond_flatten)> <Delay = 1.13> <Core = "Cmp">   --->   Core 25 'Cmp' <Latency = 0> <II = 1> <Delay = 1.13> <FuncUnit> <Opcode : 'icmp'> <InPorts = 2> <OutPorts = 1>
ST_2 : Operation 63 [1/1] (0.00ns) (grouped into LUT with out node sel_tmp9)   --->   "%sel_tmp7 = select i1 %sel_tmp6, i32 %line_buf_1_6_1, i32 %sel_tmp5" [convolve_2d.cpp:34]   --->   Operation 63 'select' 'sel_tmp7' <Predicate = (!exitcond_flatten)> <Delay = 0.00> <Core = "Sel">   --->   Core 26 'Sel' <Latency = 0> <II = 1> <Delay = 0.69> <FuncUnit> <Opcode : 'select'> <InPorts = 3> <OutPorts = 1>
ST_2 : Operation 64 [1/1] (1.13ns)   --->   "%sel_tmp8 = icmp eq i3 %j_mid2, 1" [convolve_2d.cpp:34]   --->   Operation 64 'icmp' 'sel_tmp8' <Predicate = (!exitcond_flatten)> <Delay = 1.13> <Core = "Cmp">   --->   Core 25 'Cmp' <Latency = 0> <II = 1> <Delay = 1.13> <FuncUnit> <Opcode : 'icmp'> <InPorts = 2> <OutPorts = 1>
ST_2 : Operation 65 [1/1] (0.69ns) (out node of the LUT)   --->   "%sel_tmp9 = select i1 %sel_tmp8, i32 %line_buf_1_6_1, i32 %sel_tmp7" [convolve_2d.cpp:34]   --->   Operation 65 'select' 'sel_tmp9' <Predicate = (!exitcond_flatten)> <Delay = 0.69> <Core = "Sel">   --->   Core 26 'Sel' <Latency = 0> <II = 1> <Delay = 0.69> <FuncUnit> <Opcode : 'select'> <InPorts = 3> <OutPorts = 1>
ST_2 : Operation 66 [1/1] (1.13ns)   --->   "%sel_tmp10 = icmp eq i3 %j_mid2, 0" [convolve_2d.cpp:34]   --->   Operation 66 'icmp' 'sel_tmp10' <Predicate = (!exitcond_flatten)> <Delay = 1.13> <Core = "Cmp">   --->   Core 25 'Cmp' <Latency = 0> <II = 1> <Delay = 1.13> <FuncUnit> <Opcode : 'icmp'> <InPorts = 2> <OutPorts = 1>
ST_2 : Operation 67 [1/1] (0.00ns) (grouped into LUT with out node line_buf_1_6_2)   --->   "%line_buf_1_6_6 = select i1 %sel_tmp10, i32 %line_buf_1_6_1, i32 %sel_tmp9" [convolve_2d.cpp:34]   --->   Operation 67 'select' 'line_buf_1_6_6' <Predicate = (!exitcond_flatten)> <Delay = 0.00> <Core = "Sel">   --->   Core 26 'Sel' <Latency = 0> <II = 1> <Delay = 0.69> <FuncUnit> <Opcode : 'select'> <InPorts = 3> <OutPorts = 1>
ST_2 : Operation 68 [1/1] (0.00ns) (grouped into LUT with out node sel_tmp13)   --->   "%sel_tmp11 = select i1 %sel_tmp, i32 0, i32 %line_buf_1_5_1" [convolve_2d.cpp:34]   --->   Operation 68 'select' 'sel_tmp11' <Predicate = (!exitcond_flatten)> <Delay = 0.00> <Core = "Sel">   --->   Core 26 'Sel' <Latency = 0> <II = 1> <Delay = 0.69> <FuncUnit> <Opcode : 'select'> <InPorts = 3> <OutPorts = 1>
ST_2 : Operation 69 [1/1] (0.00ns) (grouped into LUT with out node sel_tmp13)   --->   "%sel_tmp12 = select i1 %sel_tmp2, i32 %line_buf_1_5_1, i32 %sel_tmp11" [convolve_2d.cpp:34]   --->   Operation 69 'select' 'sel_tmp12' <Predicate = (!exitcond_flatten)> <Delay = 0.00> <Core = "Sel">   --->   Core 26 'Sel' <Latency = 0> <II = 1> <Delay = 0.69> <FuncUnit> <Opcode : 'select'> <InPorts = 3> <OutPorts = 1>
ST_2 : Operation 70 [1/1] (0.69ns) (out node of the LUT)   --->   "%sel_tmp13 = select i1 %sel_tmp4, i32 %line_buf_1_5_1, i32 %sel_tmp12" [convolve_2d.cpp:34]   --->   Operation 70 'select' 'sel_tmp13' <Predicate = (!exitcond_flatten)> <Delay = 0.69> <Core = "Sel">   --->   Core 26 'Sel' <Latency = 0> <II = 1> <Delay = 0.69> <FuncUnit> <Opcode : 'select'> <InPorts = 3> <OutPorts = 1>
ST_2 : Operation 71 [1/1] (0.00ns) (grouped into LUT with out node sel_tmp15)   --->   "%sel_tmp14 = select i1 %sel_tmp6, i32 %line_buf_1_5_1, i32 %sel_tmp13" [convolve_2d.cpp:34]   --->   Operation 71 'select' 'sel_tmp14' <Predicate = (!exitcond_flatten)> <Delay = 0.00> <Core = "Sel">   --->   Core 26 'Sel' <Latency = 0> <II = 1> <Delay = 0.69> <FuncUnit> <Opcode : 'select'> <InPorts = 3> <OutPorts = 1>
ST_2 : Operation 72 [1/1] (0.69ns) (out node of the LUT)   --->   "%sel_tmp15 = select i1 %sel_tmp8, i32 %line_buf_1_5_1, i32 %sel_tmp14" [convolve_2d.cpp:34]   --->   Operation 72 'select' 'sel_tmp15' <Predicate = (!exitcond_flatten)> <Delay = 0.69> <Core = "Sel">   --->   Core 26 'Sel' <Latency = 0> <II = 1> <Delay = 0.69> <FuncUnit> <Opcode : 'select'> <InPorts = 3> <OutPorts = 1>
ST_2 : Operation 73 [1/1] (0.00ns) (grouped into LUT with out node line_buf_1_5_2)   --->   "%line_buf_1_5_6 = select i1 %sel_tmp10, i32 %line_buf_1_5_1, i32 %sel_tmp15" [convolve_2d.cpp:34]   --->   Operation 73 'select' 'line_buf_1_5_6' <Predicate = (!exitcond_flatten)> <Delay = 0.00> <Core = "Sel">   --->   Core 26 'Sel' <Latency = 0> <II = 1> <Delay = 0.69> <FuncUnit> <Opcode : 'select'> <InPorts = 3> <OutPorts = 1>
ST_2 : Operation 74 [1/1] (0.00ns) (grouped into LUT with out node sel_tmp18)   --->   "%sel_tmp16 = select i1 %sel_tmp2, i32 0, i32 %line_buf_1_4_1" [convolve_2d.cpp:34]   --->   Operation 74 'select' 'sel_tmp16' <Predicate = (!exitcond_flatten)> <Delay = 0.00> <Core = "Sel">   --->   Core 26 'Sel' <Latency = 0> <II = 1> <Delay = 0.69> <FuncUnit> <Opcode : 'select'> <InPorts = 3> <OutPorts = 1>
ST_2 : Operation 75 [1/1] (0.00ns) (grouped into LUT with out node sel_tmp18)   --->   "%sel_tmp17 = select i1 %sel_tmp4, i32 %line_buf_1_4_1, i32 %sel_tmp16" [convolve_2d.cpp:34]   --->   Operation 75 'select' 'sel_tmp17' <Predicate = (!exitcond_flatten)> <Delay = 0.00> <Core = "Sel">   --->   Core 26 'Sel' <Latency = 0> <II = 1> <Delay = 0.69> <FuncUnit> <Opcode : 'select'> <InPorts = 3> <OutPorts = 1>
ST_2 : Operation 76 [1/1] (0.69ns) (out node of the LUT)   --->   "%sel_tmp18 = select i1 %sel_tmp6, i32 %line_buf_1_4_1, i32 %sel_tmp17" [convolve_2d.cpp:34]   --->   Operation 76 'select' 'sel_tmp18' <Predicate = (!exitcond_flatten)> <Delay = 0.69> <Core = "Sel">   --->   Core 26 'Sel' <Latency = 0> <II = 1> <Delay = 0.69> <FuncUnit> <Opcode : 'select'> <InPorts = 3> <OutPorts = 1>
ST_2 : Operation 77 [1/1] (0.00ns) (grouped into LUT with out node line_buf_1_4_6)   --->   "%sel_tmp19 = select i1 %sel_tmp8, i32 %line_buf_1_4_1, i32 %sel_tmp18" [convolve_2d.cpp:34]   --->   Operation 77 'select' 'sel_tmp19' <Predicate = (!exitcond_flatten)> <Delay = 0.00> <Core = "Sel">   --->   Core 26 'Sel' <Latency = 0> <II = 1> <Delay = 0.69> <FuncUnit> <Opcode : 'select'> <InPorts = 3> <OutPorts = 1>
ST_2 : Operation 78 [1/1] (0.69ns) (out node of the LUT)   --->   "%line_buf_1_4_6 = select i1 %sel_tmp10, i32 %line_buf_1_4_1, i32 %sel_tmp19" [convolve_2d.cpp:34]   --->   Operation 78 'select' 'line_buf_1_4_6' <Predicate = (!exitcond_flatten)> <Delay = 0.69> <Core = "Sel">   --->   Core 26 'Sel' <Latency = 0> <II = 1> <Delay = 0.69> <FuncUnit> <Opcode : 'select'> <InPorts = 3> <OutPorts = 1>
ST_2 : Operation 79 [1/1] (0.00ns) (grouped into LUT with out node sel_tmp22)   --->   "%sel_tmp20 = select i1 %sel_tmp4, i32 0, i32 %line_buf_1_3_1" [convolve_2d.cpp:34]   --->   Operation 79 'select' 'sel_tmp20' <Predicate = (!exitcond_flatten)> <Delay = 0.00> <Core = "Sel">   --->   Core 26 'Sel' <Latency = 0> <II = 1> <Delay = 0.69> <FuncUnit> <Opcode : 'select'> <InPorts = 3> <OutPorts = 1>
ST_2 : Operation 80 [1/1] (0.00ns) (grouped into LUT with out node sel_tmp22)   --->   "%sel_tmp21 = select i1 %sel_tmp6, i32 %line_buf_1_3_1, i32 %sel_tmp20" [convolve_2d.cpp:34]   --->   Operation 80 'select' 'sel_tmp21' <Predicate = (!exitcond_flatten)> <Delay = 0.00> <Core = "Sel">   --->   Core 26 'Sel' <Latency = 0> <II = 1> <Delay = 0.69> <FuncUnit> <Opcode : 'select'> <InPorts = 3> <OutPorts = 1>
ST_2 : Operation 81 [1/1] (0.69ns) (out node of the LUT)   --->   "%sel_tmp22 = select i1 %sel_tmp8, i32 %line_buf_1_3_1, i32 %sel_tmp21" [convolve_2d.cpp:34]   --->   Operation 81 'select' 'sel_tmp22' <Predicate = (!exitcond_flatten)> <Delay = 0.69> <Core = "Sel">   --->   Core 26 'Sel' <Latency = 0> <II = 1> <Delay = 0.69> <FuncUnit> <Opcode : 'select'> <InPorts = 3> <OutPorts = 1>
ST_2 : Operation 82 [1/1] (0.00ns) (grouped into LUT with out node line_buf_1_3_2)   --->   "%line_buf_1_3_6 = select i1 %sel_tmp10, i32 %line_buf_1_3_1, i32 %sel_tmp22" [convolve_2d.cpp:34]   --->   Operation 82 'select' 'line_buf_1_3_6' <Predicate = (!exitcond_flatten)> <Delay = 0.00> <Core = "Sel">   --->   Core 26 'Sel' <Latency = 0> <II = 1> <Delay = 0.69> <FuncUnit> <Opcode : 'select'> <InPorts = 3> <OutPorts = 1>
ST_2 : Operation 83 [1/1] (0.00ns) (grouped into LUT with out node line_buf_1_2_6)   --->   "%sel_tmp23 = select i1 %sel_tmp6, i32 0, i32 %line_buf_1_2_1" [convolve_2d.cpp:34]   --->   Operation 83 'select' 'sel_tmp23' <Predicate = (!exitcond_flatten)> <Delay = 0.00> <Core = "Sel">   --->   Core 26 'Sel' <Latency = 0> <II = 1> <Delay = 0.69> <FuncUnit> <Opcode : 'select'> <InPorts = 3> <OutPorts = 1>
ST_2 : Operation 84 [1/1] (0.00ns) (grouped into LUT with out node line_buf_1_2_6)   --->   "%sel_tmp24 = select i1 %sel_tmp8, i32 %line_buf_1_2_1, i32 %sel_tmp23" [convolve_2d.cpp:34]   --->   Operation 84 'select' 'sel_tmp24' <Predicate = (!exitcond_flatten)> <Delay = 0.00> <Core = "Sel">   --->   Core 26 'Sel' <Latency = 0> <II = 1> <Delay = 0.69> <FuncUnit> <Opcode : 'select'> <InPorts = 3> <OutPorts = 1>
ST_2 : Operation 85 [1/1] (0.69ns) (out node of the LUT)   --->   "%line_buf_1_2_6 = select i1 %sel_tmp10, i32 %line_buf_1_2_1, i32 %sel_tmp24" [convolve_2d.cpp:34]   --->   Operation 85 'select' 'line_buf_1_2_6' <Predicate = (!exitcond_flatten)> <Delay = 0.69> <Core = "Sel">   --->   Core 26 'Sel' <Latency = 0> <II = 1> <Delay = 0.69> <FuncUnit> <Opcode : 'select'> <InPorts = 3> <OutPorts = 1>
ST_2 : Operation 86 [1/1] (0.00ns) (grouped into LUT with out node line_buf_1_1_2)   --->   "%sel_tmp25 = select i1 %sel_tmp8, i32 0, i32 %line_buf_1_1_1" [convolve_2d.cpp:34]   --->   Operation 86 'select' 'sel_tmp25' <Predicate = (!exitcond_flatten)> <Delay = 0.00> <Core = "Sel">   --->   Core 26 'Sel' <Latency = 0> <II = 1> <Delay = 0.69> <FuncUnit> <Opcode : 'select'> <InPorts = 3> <OutPorts = 1>
ST_2 : Operation 87 [1/1] (0.00ns) (grouped into LUT with out node line_buf_1_1_2)   --->   "%line_buf_1_1_6 = select i1 %sel_tmp10, i32 %line_buf_1_1_1, i32 %sel_tmp25" [convolve_2d.cpp:34]   --->   Operation 87 'select' 'line_buf_1_1_6' <Predicate = (!exitcond_flatten)> <Delay = 0.00> <Core = "Sel">   --->   Core 26 'Sel' <Latency = 0> <II = 1> <Delay = 0.69> <FuncUnit> <Opcode : 'select'> <InPorts = 3> <OutPorts = 1>
ST_2 : Operation 88 [1/1] (0.00ns) (grouped into LUT with out node line_buf_1_0_2)   --->   "%line_buf_1_0_6 = select i1 %sel_tmp10, i32 0, i32 %line_buf_1_0_1" [convolve_2d.cpp:34]   --->   Operation 88 'select' 'line_buf_1_0_6' <Predicate = (!exitcond_flatten)> <Delay = 0.00> <Core = "Sel">   --->   Core 26 'Sel' <Latency = 0> <II = 1> <Delay = 0.69> <FuncUnit> <Opcode : 'select'> <InPorts = 3> <OutPorts = 1>
ST_2 : Operation 89 [1/1] (0.00ns) (grouped into LUT with out node line_buf_0_0_2)   --->   "%line_buf_0_0_6 = select i1 %sel_tmp10, i32 0, i32 %line_buf_0_0_1" [convolve_2d.cpp:34]   --->   Operation 89 'select' 'line_buf_0_0_6' <Predicate = (!exitcond_flatten)> <Delay = 0.00> <Core = "Sel">   --->   Core 26 'Sel' <Latency = 0> <II = 1> <Delay = 0.69> <FuncUnit> <Opcode : 'select'> <InPorts = 3> <OutPorts = 1>
ST_2 : Operation 90 [1/1] (0.69ns) (out node of the LUT)   --->   "%line_buf_1_6_2 = select i1 %tmp, i32 %line_buf_1_6_6, i32 %line_buf_1_6_1" [convolve_2d.cpp:34]   --->   Operation 90 'select' 'line_buf_1_6_2' <Predicate = (!exitcond_flatten)> <Delay = 0.69> <Core = "Sel">   --->   Core 26 'Sel' <Latency = 0> <II = 1> <Delay = 0.69> <FuncUnit> <Opcode : 'select'> <InPorts = 3> <OutPorts = 1>
ST_2 : Operation 91 [1/1] (0.69ns) (out node of the LUT)   --->   "%line_buf_1_5_2 = select i1 %tmp, i32 %line_buf_1_5_6, i32 %line_buf_1_5_1" [convolve_2d.cpp:34]   --->   Operation 91 'select' 'line_buf_1_5_2' <Predicate = (!exitcond_flatten)> <Delay = 0.69> <Core = "Sel">   --->   Core 26 'Sel' <Latency = 0> <II = 1> <Delay = 0.69> <FuncUnit> <Opcode : 'select'> <InPorts = 3> <OutPorts = 1>
ST_2 : Operation 92 [1/1] (0.69ns) (out node of the LUT)   --->   "%line_buf_1_4_2 = select i1 %tmp, i32 %line_buf_1_4_6, i32 %line_buf_1_4_1" [convolve_2d.cpp:34]   --->   Operation 92 'select' 'line_buf_1_4_2' <Predicate = (!exitcond_flatten)> <Delay = 0.69> <Core = "Sel">   --->   Core 26 'Sel' <Latency = 0> <II = 1> <Delay = 0.69> <FuncUnit> <Opcode : 'select'> <InPorts = 3> <OutPorts = 1>
ST_2 : Operation 93 [1/1] (0.69ns) (out node of the LUT)   --->   "%line_buf_1_3_2 = select i1 %tmp, i32 %line_buf_1_3_6, i32 %line_buf_1_3_1" [convolve_2d.cpp:34]   --->   Operation 93 'select' 'line_buf_1_3_2' <Predicate = (!exitcond_flatten)> <Delay = 0.69> <Core = "Sel">   --->   Core 26 'Sel' <Latency = 0> <II = 1> <Delay = 0.69> <FuncUnit> <Opcode : 'select'> <InPorts = 3> <OutPorts = 1>
ST_2 : Operation 94 [1/1] (0.69ns) (out node of the LUT)   --->   "%line_buf_1_2_2 = select i1 %tmp, i32 %line_buf_1_2_6, i32 %line_buf_1_2_1" [convolve_2d.cpp:34]   --->   Operation 94 'select' 'line_buf_1_2_2' <Predicate = (!exitcond_flatten)> <Delay = 0.69> <Core = "Sel">   --->   Core 26 'Sel' <Latency = 0> <II = 1> <Delay = 0.69> <FuncUnit> <Opcode : 'select'> <InPorts = 3> <OutPorts = 1>
ST_2 : Operation 95 [1/1] (0.69ns) (out node of the LUT)   --->   "%line_buf_1_1_2 = select i1 %tmp, i32 %line_buf_1_1_6, i32 %line_buf_1_1_1" [convolve_2d.cpp:34]   --->   Operation 95 'select' 'line_buf_1_1_2' <Predicate = (!exitcond_flatten)> <Delay = 0.69> <Core = "Sel">   --->   Core 26 'Sel' <Latency = 0> <II = 1> <Delay = 0.69> <FuncUnit> <Opcode : 'select'> <InPorts = 3> <OutPorts = 1>
ST_2 : Operation 96 [1/1] (0.69ns) (out node of the LUT)   --->   "%line_buf_1_0_2 = select i1 %tmp, i32 %line_buf_1_0_6, i32 %line_buf_1_0_1" [convolve_2d.cpp:34]   --->   Operation 96 'select' 'line_buf_1_0_2' <Predicate = (!exitcond_flatten)> <Delay = 0.69> <Core = "Sel">   --->   Core 26 'Sel' <Latency = 0> <II = 1> <Delay = 0.69> <FuncUnit> <Opcode : 'select'> <InPorts = 3> <OutPorts = 1>
ST_2 : Operation 97 [1/1] (0.97ns)   --->   "%or_cond = or i1 %tmp, %sel_tmp10" [convolve_2d.cpp:34]   --->   Operation 97 'or' 'or_cond' <Predicate = (!exitcond_flatten)> <Delay = 0.97> <Core = "LogicGate">   --->   Core 27 'LogicGate' <Latency = 0> <II = 1> <Delay = 0.97> <FuncUnit> <Opcode : 'and' 'or' 'xor'> <InPorts = 2> <OutPorts = 1>
ST_2 : Operation 98 [1/1] (0.00ns) (grouped into LUT with out node or_cond3)   --->   "%or_cond1 = or i1 %sel_tmp8, %sel_tmp6" [convolve_2d.cpp:34]   --->   Operation 98 'or' 'or_cond1' <Predicate = (!exitcond_flatten)> <Delay = 0.00> <Core = "LogicGate">   --->   Core 27 'LogicGate' <Latency = 0> <II = 1> <Delay = 0.97> <FuncUnit> <Opcode : 'and' 'or' 'xor'> <InPorts = 2> <OutPorts = 1>
ST_2 : Operation 99 [1/1] (0.97ns)   --->   "%or_cond2 = or i1 %sel_tmp4, %sel_tmp2" [convolve_2d.cpp:34]   --->   Operation 99 'or' 'or_cond2' <Predicate = (!exitcond_flatten)> <Delay = 0.97> <Core = "LogicGate">   --->   Core 27 'LogicGate' <Latency = 0> <II = 1> <Delay = 0.97> <FuncUnit> <Opcode : 'and' 'or' 'xor'> <InPorts = 2> <OutPorts = 1>
ST_2 : Operation 100 [1/1] (0.00ns) (grouped into LUT with out node newSel2)   --->   "%newSel = select i1 %sel_tmp, i32 %line_buf_0_6_1, i32 0" [convolve_2d.cpp:34]   --->   Operation 100 'select' 'newSel' <Predicate = (!exitcond_flatten)> <Delay = 0.00> <Core = "Sel">   --->   Core 26 'Sel' <Latency = 0> <II = 1> <Delay = 0.69> <FuncUnit> <Opcode : 'select'> <InPorts = 3> <OutPorts = 1>
ST_2 : Operation 101 [1/1] (0.97ns) (out node of the LUT)   --->   "%or_cond3 = or i1 %or_cond, %or_cond1" [convolve_2d.cpp:34]   --->   Operation 101 'or' 'or_cond3' <Predicate = (!exitcond_flatten)> <Delay = 0.97> <Core = "LogicGate">   --->   Core 27 'LogicGate' <Latency = 0> <II = 1> <Delay = 0.97> <FuncUnit> <Opcode : 'and' 'or' 'xor'> <InPorts = 2> <OutPorts = 1>
ST_2 : Operation 102 [1/1] (0.00ns) (grouped into LUT with out node newSel2)   --->   "%newSel1 = select i1 %or_cond2, i32 %line_buf_0_6_1, i32 %newSel" [convolve_2d.cpp:34]   --->   Operation 102 'select' 'newSel1' <Predicate = (!exitcond_flatten)> <Delay = 0.00> <Core = "Sel">   --->   Core 26 'Sel' <Latency = 0> <II = 1> <Delay = 0.69> <FuncUnit> <Opcode : 'select'> <InPorts = 3> <OutPorts = 1>
ST_2 : Operation 103 [1/1] (0.69ns) (out node of the LUT)   --->   "%newSel2 = select i1 %or_cond3, i32 %line_buf_0_6_1, i32 %newSel1" [convolve_2d.cpp:34]   --->   Operation 103 'select' 'newSel2' <Predicate = (!exitcond_flatten)> <Delay = 0.69> <Core = "Sel">   --->   Core 26 'Sel' <Latency = 0> <II = 1> <Delay = 0.69> <FuncUnit> <Opcode : 'select'> <InPorts = 3> <OutPorts = 1>
ST_2 : Operation 104 [1/1] (0.00ns) (grouped into LUT with out node newSel5)   --->   "%newSel3 = select i1 %sel_tmp, i32 0, i32 %line_buf_0_5_1" [convolve_2d.cpp:34]   --->   Operation 104 'select' 'newSel3' <Predicate = (!exitcond_flatten)> <Delay = 0.00> <Core = "Sel">   --->   Core 26 'Sel' <Latency = 0> <II = 1> <Delay = 0.69> <FuncUnit> <Opcode : 'select'> <InPorts = 3> <OutPorts = 1>
ST_2 : Operation 105 [1/1] (0.00ns) (grouped into LUT with out node newSel5)   --->   "%newSel4 = select i1 %or_cond2, i32 %line_buf_0_5_1, i32 %newSel3" [convolve_2d.cpp:34]   --->   Operation 105 'select' 'newSel4' <Predicate = (!exitcond_flatten)> <Delay = 0.00> <Core = "Sel">   --->   Core 26 'Sel' <Latency = 0> <II = 1> <Delay = 0.69> <FuncUnit> <Opcode : 'select'> <InPorts = 3> <OutPorts = 1>
ST_2 : Operation 106 [1/1] (0.69ns) (out node of the LUT)   --->   "%newSel5 = select i1 %or_cond3, i32 %line_buf_0_5_1, i32 %newSel4" [convolve_2d.cpp:34]   --->   Operation 106 'select' 'newSel5' <Predicate = (!exitcond_flatten)> <Delay = 0.69> <Core = "Sel">   --->   Core 26 'Sel' <Latency = 0> <II = 1> <Delay = 0.69> <FuncUnit> <Opcode : 'select'> <InPorts = 3> <OutPorts = 1>
ST_2 : Operation 107 [1/1] (0.00ns) (grouped into LUT with out node newSel8)   --->   "%newSel6 = select i1 %sel_tmp4, i32 %line_buf_0_4_1, i32 0" [convolve_2d.cpp:34]   --->   Operation 107 'select' 'newSel6' <Predicate = (!exitcond_flatten)> <Delay = 0.00> <Core = "Sel">   --->   Core 26 'Sel' <Latency = 0> <II = 1> <Delay = 0.69> <FuncUnit> <Opcode : 'select'> <InPorts = 3> <OutPorts = 1>
ST_2 : Operation 108 [1/1] (0.00ns) (grouped into LUT with out node newSel8)   --->   "%newSel7 = select i1 %or_cond2, i32 %newSel6, i32 %line_buf_0_4_1" [convolve_2d.cpp:34]   --->   Operation 108 'select' 'newSel7' <Predicate = (!exitcond_flatten)> <Delay = 0.00> <Core = "Sel">   --->   Core 26 'Sel' <Latency = 0> <II = 1> <Delay = 0.69> <FuncUnit> <Opcode : 'select'> <InPorts = 3> <OutPorts = 1>
ST_2 : Operation 109 [1/1] (0.69ns) (out node of the LUT)   --->   "%newSel8 = select i1 %or_cond3, i32 %line_buf_0_4_1, i32 %newSel7" [convolve_2d.cpp:34]   --->   Operation 109 'select' 'newSel8' <Predicate = (!exitcond_flatten)> <Delay = 0.69> <Core = "Sel">   --->   Core 26 'Sel' <Latency = 0> <II = 1> <Delay = 0.69> <FuncUnit> <Opcode : 'select'> <InPorts = 3> <OutPorts = 1>
ST_2 : Operation 110 [1/1] (0.00ns) (grouped into LUT with out node newSel10)   --->   "%newSel9 = select i1 %sel_tmp4, i32 0, i32 %line_buf_0_3_1" [convolve_2d.cpp:34]   --->   Operation 110 'select' 'newSel9' <Predicate = (!exitcond_flatten)> <Delay = 0.00> <Core = "Sel">   --->   Core 26 'Sel' <Latency = 0> <II = 1> <Delay = 0.69> <FuncUnit> <Opcode : 'select'> <InPorts = 3> <OutPorts = 1>
ST_2 : Operation 111 [1/1] (0.69ns) (out node of the LUT)   --->   "%newSel10 = select i1 %or_cond3, i32 %line_buf_0_3_1, i32 %newSel9" [convolve_2d.cpp:34]   --->   Operation 111 'select' 'newSel10' <Predicate = (!exitcond_flatten)> <Delay = 0.69> <Core = "Sel">   --->   Core 26 'Sel' <Latency = 0> <II = 1> <Delay = 0.69> <FuncUnit> <Opcode : 'select'> <InPorts = 3> <OutPorts = 1>
ST_2 : Operation 112 [1/1] (0.00ns) (grouped into LUT with out node newSel13)   --->   "%newSel11 = select i1 %sel_tmp8, i32 %line_buf_0_2_1, i32 0" [convolve_2d.cpp:34]   --->   Operation 112 'select' 'newSel11' <Predicate = (!exitcond_flatten)> <Delay = 0.00> <Core = "Sel">   --->   Core 26 'Sel' <Latency = 0> <II = 1> <Delay = 0.69> <FuncUnit> <Opcode : 'select'> <InPorts = 3> <OutPorts = 1>
ST_2 : Operation 113 [1/1] (0.00ns) (grouped into LUT with out node newSel13)   --->   "%newSel12 = select i1 %or_cond, i32 %line_buf_0_2_1, i32 %newSel11" [convolve_2d.cpp:34]   --->   Operation 113 'select' 'newSel12' <Predicate = (!exitcond_flatten)> <Delay = 0.00> <Core = "Sel">   --->   Core 26 'Sel' <Latency = 0> <II = 1> <Delay = 0.69> <FuncUnit> <Opcode : 'select'> <InPorts = 3> <OutPorts = 1>
ST_2 : Operation 114 [1/1] (0.69ns) (out node of the LUT)   --->   "%newSel13 = select i1 %or_cond3, i32 %newSel12, i32 %line_buf_0_2_1" [convolve_2d.cpp:34]   --->   Operation 114 'select' 'newSel13' <Predicate = (!exitcond_flatten)> <Delay = 0.69> <Core = "Sel">   --->   Core 26 'Sel' <Latency = 0> <II = 1> <Delay = 0.69> <FuncUnit> <Opcode : 'select'> <InPorts = 3> <OutPorts = 1>
ST_2 : Operation 115 [1/1] (0.00ns) (grouped into LUT with out node newSel15)   --->   "%newSel14 = select i1 %sel_tmp8, i32 0, i32 %line_buf_0_1_1" [convolve_2d.cpp:34]   --->   Operation 115 'select' 'newSel14' <Predicate = (!exitcond_flatten)> <Delay = 0.00> <Core = "Sel">   --->   Core 26 'Sel' <Latency = 0> <II = 1> <Delay = 0.69> <FuncUnit> <Opcode : 'select'> <InPorts = 3> <OutPorts = 1>
ST_2 : Operation 116 [1/1] (0.69ns) (out node of the LUT)   --->   "%newSel15 = select i1 %or_cond, i32 %line_buf_0_1_1, i32 %newSel14" [convolve_2d.cpp:34]   --->   Operation 116 'select' 'newSel15' <Predicate = (!exitcond_flatten)> <Delay = 0.69> <Core = "Sel">   --->   Core 26 'Sel' <Latency = 0> <II = 1> <Delay = 0.69> <FuncUnit> <Opcode : 'select'> <InPorts = 3> <OutPorts = 1>
ST_2 : Operation 117 [1/1] (0.69ns) (out node of the LUT)   --->   "%line_buf_0_0_2 = select i1 %tmp, i32 %line_buf_0_0_1, i32 %line_buf_0_0_6" [convolve_2d.cpp:34]   --->   Operation 117 'select' 'line_buf_0_0_2' <Predicate = (!exitcond_flatten)> <Delay = 0.69> <Core = "Sel">   --->   Core 26 'Sel' <Latency = 0> <II = 1> <Delay = 0.69> <FuncUnit> <Opcode : 'select'> <InPorts = 3> <OutPorts = 1>
ST_2 : Operation 118 [1/1] (0.00ns)   --->   "%empty = call i32 (...)* @_ssdm_op_SpecRegionEnd([19 x i8]* @p_str7, i32 %tmp_3)" [convolve_2d.cpp:34]   --->   Operation 118 'specregionend' 'empty' <Predicate = (!exitcond_flatten)> <Delay = 0.00>
ST_2 : Operation 119 [1/1] (1.65ns)   --->   "%j_1 = add i3 1, %j_mid2" [convolve_2d.cpp:33]   --->   Operation 119 'add' 'j_1' <Predicate = (!exitcond_flatten)> <Delay = 1.65> <Core = "AddSub">   --->   Core 14 'AddSub' <Latency = 0> <II = 1> <Delay = 1.65> <FuncUnit> <Opcode : 'add' 'sub'> <InPorts = 2> <OutPorts = 1>
ST_2 : Operation 120 [1/1] (0.00ns)   --->   "br label %.preheader12" [convolve_2d.cpp:33]   --->   Operation 120 'br' <Predicate = (!exitcond_flatten)> <Delay = 0.00>

State 3 <SV = 2> <Delay = 1.76>
ST_3 : Operation 121 [1/1] (0.00ns)   --->   "%window_2_1 = alloca i32"   --->   Operation 121 'alloca' 'window_2_1' <Predicate = true> <Delay = 0.00>
ST_3 : Operation 122 [1/1] (0.00ns)   --->   "%window_0_0 = alloca i32"   --->   Operation 122 'alloca' 'window_0_0' <Predicate = true> <Delay = 0.00>
ST_3 : Operation 123 [1/1] (0.00ns)   --->   "%window_0_1 = alloca i32"   --->   Operation 123 'alloca' 'window_0_1' <Predicate = true> <Delay = 0.00>
ST_3 : Operation 124 [1/1] (0.00ns)   --->   "%window_2_0 = alloca i32"   --->   Operation 124 'alloca' 'window_2_0' <Predicate = true> <Delay = 0.00>
ST_3 : Operation 125 [1/1] (0.00ns)   --->   "%window_1_0 = alloca i32"   --->   Operation 125 'alloca' 'window_1_0' <Predicate = true> <Delay = 0.00>
ST_3 : Operation 126 [1/1] (0.00ns)   --->   "%window_1_1 = alloca i32"   --->   Operation 126 'alloca' 'window_1_1' <Predicate = true> <Delay = 0.00>
ST_3 : Operation 127 [1/1] (1.76ns)   --->   "br label %.preheader11.preheader"   --->   Operation 127 'br' <Predicate = true> <Delay = 1.76>

State 4 <SV = 3> <Delay = 5.91>
ST_4 : Operation 128 [1/1] (0.00ns)   --->   "%indvar_flatten6 = phi i6 [ %indvar_flatten_next7, %._crit_edge14 ], [ 0, %.preheader11.preheader.preheader ]"   --->   Operation 128 'phi' 'indvar_flatten6' <Predicate = true> <Delay = 0.00>
ST_4 : Operation 129 [1/1] (0.00ns)   --->   "%y_assign = phi i3 [ %y_assign_mid2, %._crit_edge14 ], [ 0, %.preheader11.preheader.preheader ]" [convolve_2d.cpp:37]   --->   Operation 129 'phi' 'y_assign' <Predicate = true> <Delay = 0.00>
ST_4 : Operation 130 [1/1] (0.00ns)   --->   "%line_buf_1_6_4 = phi i32 [ %line_buf_1_6, %._crit_edge14 ], [ %line_buf_1_6_1, %.preheader11.preheader.preheader ]"   --->   Operation 130 'phi' 'line_buf_1_6_4' <Predicate = true> <Delay = 0.00>
ST_4 : Operation 131 [1/1] (0.00ns)   --->   "%line_buf_1_5_4 = phi i32 [ %line_buf_1_6_7, %._crit_edge14 ], [ %line_buf_1_5_1, %.preheader11.preheader.preheader ]"   --->   Operation 131 'phi' 'line_buf_1_5_4' <Predicate = true> <Delay = 0.00>
ST_4 : Operation 132 [1/1] (0.00ns)   --->   "%line_buf_1_6_8 = phi i32 [ %line_buf_1_6_9, %._crit_edge14 ], [ %line_buf_1_4_1, %.preheader11.preheader.preheader ]"   --->   Operation 132 'phi' 'line_buf_1_6_8' <Predicate = true> <Delay = 0.00>
ST_4 : Operation 133 [1/1] (0.00ns)   --->   "%line_buf_1_6_17 = phi i32 [ %line_buf_1_6_18, %._crit_edge14 ], [ %line_buf_1_3_1, %.preheader11.preheader.preheader ]"   --->   Operation 133 'phi' 'line_buf_1_6_17' <Predicate = true> <Delay = 0.00>
ST_4 : Operation 134 [1/1] (0.00ns)   --->   "%line_buf_1_6_3 = phi i32 [ %line_buf_1_6_19, %._crit_edge14 ], [ %line_buf_1_2_1, %.preheader11.preheader.preheader ]"   --->   Operation 134 'phi' 'line_buf_1_6_3' <Predicate = true> <Delay = 0.00>
ST_4 : Operation 135 [1/1] (0.00ns)   --->   "%line_buf_1_6_5 = phi i32 [ %line_buf_1_6_21, %._crit_edge14 ], [ %line_buf_1_1_1, %.preheader11.preheader.preheader ]"   --->   Operation 135 'phi' 'line_buf_1_6_5' <Predicate = true> <Delay = 0.00>
ST_4 : Operation 136 [1/1] (0.00ns)   --->   "%line_buf_1_6_10 = phi i32 [ %line_buf_1_6_22, %._crit_edge14 ], [ %line_buf_1_0_1, %.preheader11.preheader.preheader ]"   --->   Operation 136 'phi' 'line_buf_1_6_10' <Predicate = true> <Delay = 0.00>
ST_4 : Operation 137 [1/1] (0.00ns)   --->   "%line_buf_0_6_4 = phi i32 [ %line_buf_0_6, %._crit_edge14 ], [ %line_buf_0_6_1, %.preheader11.preheader.preheader ]"   --->   Operation 137 'phi' 'line_buf_0_6_4' <Predicate = true> <Delay = 0.00>
ST_4 : Operation 138 [1/1] (0.00ns)   --->   "%line_buf_0_5_4 = phi i32 [ %line_buf_0_6_5, %._crit_edge14 ], [ %line_buf_0_5_1, %.preheader11.preheader.preheader ]"   --->   Operation 138 'phi' 'line_buf_0_5_4' <Predicate = true> <Delay = 0.00>
ST_4 : Operation 139 [1/1] (0.00ns)   --->   "%line_buf_0_6_6 = phi i32 [ %line_buf_0_6_7, %._crit_edge14 ], [ %line_buf_0_4_1, %.preheader11.preheader.preheader ]"   --->   Operation 139 'phi' 'line_buf_0_6_6' <Predicate = true> <Delay = 0.00>
ST_4 : Operation 140 [1/1] (0.00ns)   --->   "%line_buf_0_6_8 = phi i32 [ %line_buf_0_6_9, %._crit_edge14 ], [ %line_buf_0_3_1, %.preheader11.preheader.preheader ]"   --->   Operation 140 'phi' 'line_buf_0_6_8' <Predicate = true> <Delay = 0.00>
ST_4 : Operation 141 [1/1] (0.00ns)   --->   "%line_buf_0_6_15 = phi i32 [ %line_buf_0_6_16, %._crit_edge14 ], [ %line_buf_0_2_1, %.preheader11.preheader.preheader ]"   --->   Operation 141 'phi' 'line_buf_0_6_15' <Predicate = true> <Delay = 0.00>
ST_4 : Operation 142 [1/1] (0.00ns)   --->   "%line_buf_0_6_2 = phi i32 [ %line_buf_0_6_18, %._crit_edge14 ], [ %line_buf_0_1_1, %.preheader11.preheader.preheader ]"   --->   Operation 142 'phi' 'line_buf_0_6_2' <Predicate = true> <Delay = 0.00>
ST_4 : Operation 143 [1/1] (0.00ns)   --->   "%line_buf_0_6_3 = phi i32 [ %line_buf_0_6_19, %._crit_edge14 ], [ %line_buf_0_0_1, %.preheader11.preheader.preheader ]"   --->   Operation 143 'phi' 'line_buf_0_6_3' <Predicate = true> <Delay = 0.00>
ST_4 : Operation 144 [1/1] (0.00ns)   --->   "%x_assign = phi i3 [ %x, %._crit_edge14 ], [ 0, %.preheader11.preheader.preheader ]"   --->   Operation 144 'phi' 'x_assign' <Predicate = true> <Delay = 0.00>
ST_4 : Operation 145 [1/1] (0.00ns)   --->   "%window_2_1_load = load i32* %window_2_1"   --->   Operation 145 'load' 'window_2_1_load' <Predicate = true> <Delay = 0.00>
ST_4 : Operation 146 [1/1] (0.00ns)   --->   "%window_0_0_load = load i32* %window_0_0" [convolve_2d.cpp:55]   --->   Operation 146 'load' 'window_0_0_load' <Predicate = true> <Delay = 0.00>
ST_4 : Operation 147 [1/1] (0.00ns)   --->   "%window_0_1_load = load i32* %window_0_1"   --->   Operation 147 'load' 'window_0_1_load' <Predicate = true> <Delay = 0.00>
ST_4 : Operation 148 [1/1] (0.00ns)   --->   "%window_2_0_load = load i32* %window_2_0" [convolve_2d.cpp:55]   --->   Operation 148 'load' 'window_2_0_load' <Predicate = true> <Delay = 0.00>
ST_4 : Operation 149 [1/1] (0.00ns)   --->   "%window_1_0_load = load i32* %window_1_0" [convolve_2d.cpp:55]   --->   Operation 149 'load' 'window_1_0_load' <Predicate = true> <Delay = 0.00>
ST_4 : Operation 150 [1/1] (0.00ns)   --->   "%window_1_1_load = load i32* %window_1_1"   --->   Operation 150 'load' 'window_1_1_load' <Predicate = true> <Delay = 0.00>
ST_4 : Operation 151 [1/1] (1.42ns)   --->   "%exitcond_flatten8 = icmp eq i6 %indvar_flatten6, -15"   --->   Operation 151 'icmp' 'exitcond_flatten8' <Predicate = true> <Delay = 1.42> <Core = "Cmp">   --->   Core 25 'Cmp' <Latency = 0> <II = 1> <Delay = 1.13> <FuncUnit> <Opcode : 'icmp'> <InPorts = 2> <OutPorts = 1>
ST_4 : Operation 152 [1/1] (1.82ns)   --->   "%indvar_flatten_next7 = add i6 %indvar_flatten6, 1"   --->   Operation 152 'add' 'indvar_flatten_next7' <Predicate = true> <Delay = 1.82> <Core = "AddSub">   --->   Core 14 'AddSub' <Latency = 0> <II = 1> <Delay = 1.65> <FuncUnit> <Opcode : 'add' 'sub'> <InPorts = 2> <OutPorts = 1>
ST_4 : Operation 153 [1/1] (0.00ns)   --->   "store i32 %window_1_1_load, i32* %window_1_0"   --->   Operation 153 'store' <Predicate = true> <Delay = 0.00>
ST_4 : Operation 154 [1/1] (0.00ns)   --->   "store i32 %window_2_1_load, i32* %window_2_0"   --->   Operation 154 'store' <Predicate = true> <Delay = 0.00>
ST_4 : Operation 155 [1/1] (0.00ns)   --->   "store i32 %window_0_1_load, i32* %window_0_0"   --->   Operation 155 'store' <Predicate = true> <Delay = 0.00>
ST_4 : Operation 156 [1/1] (0.00ns)   --->   "br i1 %exitcond_flatten8, label %2, label %.preheader11"   --->   Operation 156 'br' <Predicate = true> <Delay = 0.00>
ST_4 : Operation 157 [1/1] (0.00ns)   --->   "%window_2_1_load_1 = load i32* %window_2_1" [convolve_2d.cpp:55]   --->   Operation 157 'load' 'window_2_1_load_1' <Predicate = (!exitcond_flatten8)> <Delay = 0.00>
ST_4 : Operation 158 [1/1] (0.00ns)   --->   "%window_0_1_load_1 = load i32* %window_0_1" [convolve_2d.cpp:55]   --->   Operation 158 'load' 'window_0_1_load_1' <Predicate = (!exitcond_flatten8)> <Delay = 0.00>
ST_4 : Operation 159 [1/1] (0.00ns)   --->   "%window_1_1_load_1 = load i32* %window_1_1" [convolve_2d.cpp:55]   --->   Operation 159 'load' 'window_1_1_load_1' <Predicate = (!exitcond_flatten8)> <Delay = 0.00>
ST_4 : Operation 160 [1/1] (0.00ns)   --->   "call void (...)* @_ssdm_op_SpecLoopName([38 x i8]* @convolve_2d_label6_c)"   --->   Operation 160 'specloopname' <Predicate = (!exitcond_flatten8)> <Delay = 0.00>
ST_4 : Operation 161 [1/1] (1.13ns)   --->   "%exitcond1 = icmp eq i3 %x_assign, -1" [convolve_2d.cpp:37]   --->   Operation 161 'icmp' 'exitcond1' <Predicate = (!exitcond_flatten8)> <Delay = 1.13> <Core = "Cmp">   --->   Core 25 'Cmp' <Latency = 0> <II = 1> <Delay = 1.13> <FuncUnit> <Opcode : 'icmp'> <InPorts = 2> <OutPorts = 1>
ST_4 : Operation 162 [1/1] (0.98ns)   --->   "%x_assign_mid2 = select i1 %exitcond1, i3 0, i3 %x_assign" [convolve_2d.cpp:37]   --->   Operation 162 'select' 'x_assign_mid2' <Predicate = (!exitcond_flatten8)> <Delay = 0.98> <Core = "Sel">   --->   Core 26 'Sel' <Latency = 0> <II = 1> <Delay = 0.69> <FuncUnit> <Opcode : 'select'> <InPorts = 3> <OutPorts = 1>
ST_4 : Operation 163 [1/1] (1.65ns)   --->   "%y = add i3 %y_assign, 1" [convolve_2d.cpp:36]   --->   Operation 163 'add' 'y' <Predicate = (!exitcond_flatten8)> <Delay = 1.65> <Core = "AddSub">   --->   Core 14 'AddSub' <Latency = 0> <II = 1> <Delay = 1.65> <FuncUnit> <Opcode : 'add' 'sub'> <InPorts = 2> <OutPorts = 1>
ST_4 : Operation 164 [1/1] (1.13ns)   --->   "%tmp_1_mid1 = icmp ne i3 %y, 0" [convolve_2d.cpp:54]   --->   Operation 164 'icmp' 'tmp_1_mid1' <Predicate = (!exitcond_flatten8)> <Delay = 1.13> <Core = "Cmp">   --->   Core 25 'Cmp' <Latency = 0> <II = 1> <Delay = 1.13> <FuncUnit> <Opcode : 'icmp'> <InPorts = 2> <OutPorts = 1>
ST_4 : Operation 165 [1/1] (1.13ns)   --->   "%tmp_s = icmp ne i3 %y_assign, 0" [convolve_2d.cpp:54]   --->   Operation 165 'icmp' 'tmp_s' <Predicate = (!exitcond_flatten8)> <Delay = 1.13> <Core = "Cmp">   --->   Core 25 'Cmp' <Latency = 0> <II = 1> <Delay = 1.13> <FuncUnit> <Opcode : 'icmp'> <InPorts = 2> <OutPorts = 1>
ST_4 : Operation 166 [1/1] (0.00ns) (grouped into LUT with out node or_cond_4)   --->   "%tmp_1_mid2 = select i1 %exitcond1, i1 %tmp_1_mid1, i1 %tmp_s" [convolve_2d.cpp:54]   --->   Operation 166 'select' 'tmp_1_mid2' <Predicate = (!exitcond_flatten8)> <Delay = 0.00> <Core = "Sel">   --->   Core 26 'Sel' <Latency = 0> <II = 1> <Delay = 0.69> <FuncUnit> <Opcode : 'select'> <InPorts = 3> <OutPorts = 1>
ST_4 : Operation 167 [1/1] (0.98ns)   --->   "%y_assign_mid2 = select i1 %exitcond1, i3 %y, i3 %y_assign" [convolve_2d.cpp:37]   --->   Operation 167 'select' 'y_assign_mid2' <Predicate = (!exitcond_flatten8)> <Delay = 0.98> <Core = "Sel">   --->   Core 26 'Sel' <Latency = 0> <II = 1> <Delay = 0.69> <FuncUnit> <Opcode : 'select'> <InPorts = 3> <OutPorts = 1>
ST_4 : Operation 168 [1/1] (0.00ns)   --->   "call void (...)* @_ssdm_op_SpecLoopName([19 x i8]* @p_str9) nounwind" [convolve_2d.cpp:37]   --->   Operation 168 'specloopname' <Predicate = (!exitcond_flatten8)> <Delay = 0.00>
ST_4 : Operation 169 [1/1] (0.00ns)   --->   "%tmp_4 = call i32 (...)* @_ssdm_op_SpecRegionBegin([19 x i8]* @p_str9)" [convolve_2d.cpp:37]   --->   Operation 169 'specregionbegin' 'tmp_4' <Predicate = (!exitcond_flatten8)> <Delay = 0.00>
ST_4 : Operation 170 [1/1] (0.00ns)   --->   "call void (...)* @_ssdm_op_SpecPipeline(i32 -1, i32 1, i32 1, i32 0, [1 x i8]* @p_str2) nounwind" [convolve_2d.cpp:38]   --->   Operation 170 'specpipeline' <Predicate = (!exitcond_flatten8)> <Delay = 0.00>
ST_4 : Operation 171 [1/1] (0.00ns)   --->   "%tmp_5 = call i32 @_ssdm_op_Read.axis.volatile.i32P(i32* %in_stream_V)" [convolve_2d.cpp:40]   --->   Operation 171 'read' 'tmp_5' <Predicate = (!exitcond_flatten8)> <Delay = 0.00> <Core = "AXI4Stream">   --->   Core 5 'AXI4Stream' <Latency = 0> <II = 1> <Delay = 1.00> <Adapter> <Opcode : >
ST_4 : Operation 172 [1/1] (2.40ns)   --->   "%window_0_2 = call i32 @_ssdm_op_Mux.ap_auto.7i32.i3(i32 %line_buf_0_6_3, i32 %line_buf_0_6_2, i32 %line_buf_0_6_15, i32 %line_buf_0_6_8, i32 %line_buf_0_6_6, i32 %line_buf_0_5_4, i32 %line_buf_0_6_4, i3 %x_assign_mid2)" [convolve_2d.cpp:47]   --->   Operation 172 'mux' 'window_0_2' <Predicate = (!exitcond_flatten8)> <Delay = 2.40> <Core = "MuxnS">   --->   Core 31 'MuxnS' <Latency = 0> <II = 1> <Delay = 2.40> <FuncUnit> <Opcode : 'mux'> <InPorts = 2> <OutPorts = 1>
ST_4 : Operation 173 [1/1] (2.40ns)   --->   "%window_1_2 = call i32 @_ssdm_op_Mux.ap_auto.7i32.i3(i32 %line_buf_1_6_10, i32 %line_buf_1_6_5, i32 %line_buf_1_6_3, i32 %line_buf_1_6_17, i32 %line_buf_1_6_8, i32 %line_buf_1_5_4, i32 %line_buf_1_6_4, i3 %x_assign_mid2)" [convolve_2d.cpp:47]   --->   Operation 173 'mux' 'window_1_2' <Predicate = (!exitcond_flatten8)> <Delay = 2.40> <Core = "MuxnS">   --->   Core 31 'MuxnS' <Latency = 0> <II = 1> <Delay = 2.40> <FuncUnit> <Opcode : 'mux'> <InPorts = 2> <OutPorts = 1>
ST_4 : Operation 174 [1/1] (1.13ns)   --->   "%sel_tmp26 = icmp eq i3 %x_assign_mid2, -3" [convolve_2d.cpp:52]   --->   Operation 174 'icmp' 'sel_tmp26' <Predicate = (!exitcond_flatten8)> <Delay = 1.13> <Core = "Cmp">   --->   Core 25 'Cmp' <Latency = 0> <II = 1> <Delay = 1.13> <FuncUnit> <Opcode : 'icmp'> <InPorts = 2> <OutPorts = 1>
ST_4 : Operation 175 [1/1] (1.13ns)   --->   "%sel_tmp27 = icmp eq i3 %x_assign_mid2, -4" [convolve_2d.cpp:52]   --->   Operation 175 'icmp' 'sel_tmp27' <Predicate = (!exitcond_flatten8)> <Delay = 1.13> <Core = "Cmp">   --->   Core 25 'Cmp' <Latency = 0> <II = 1> <Delay = 1.13> <FuncUnit> <Opcode : 'icmp'> <InPorts = 2> <OutPorts = 1>
ST_4 : Operation 176 [1/1] (1.13ns)   --->   "%sel_tmp28 = icmp eq i3 %x_assign_mid2, 3" [convolve_2d.cpp:52]   --->   Operation 176 'icmp' 'sel_tmp28' <Predicate = (!exitcond_flatten8)> <Delay = 1.13> <Core = "Cmp">   --->   Core 25 'Cmp' <Latency = 0> <II = 1> <Delay = 1.13> <FuncUnit> <Opcode : 'icmp'> <InPorts = 2> <OutPorts = 1>
ST_4 : Operation 177 [1/1] (1.13ns)   --->   "%sel_tmp29 = icmp eq i3 %x_assign_mid2, 2" [convolve_2d.cpp:52]   --->   Operation 177 'icmp' 'sel_tmp29' <Predicate = (!exitcond_flatten8)> <Delay = 1.13> <Core = "Cmp">   --->   Core 25 'Cmp' <Latency = 0> <II = 1> <Delay = 1.13> <FuncUnit> <Opcode : 'icmp'> <InPorts = 2> <OutPorts = 1>
ST_4 : Operation 178 [1/1] (1.13ns)   --->   "%sel_tmp30 = icmp eq i3 %x_assign_mid2, 1" [convolve_2d.cpp:52]   --->   Operation 178 'icmp' 'sel_tmp30' <Predicate = (!exitcond_flatten8)> <Delay = 1.13> <Core = "Cmp">   --->   Core 25 'Cmp' <Latency = 0> <II = 1> <Delay = 1.13> <FuncUnit> <Opcode : 'icmp'> <InPorts = 2> <OutPorts = 1>
ST_4 : Operation 179 [1/1] (1.13ns)   --->   "%sel_tmp31 = icmp eq i3 %x_assign_mid2, 0" [convolve_2d.cpp:52]   --->   Operation 179 'icmp' 'sel_tmp31' <Predicate = (!exitcond_flatten8)> <Delay = 1.13> <Core = "Cmp">   --->   Core 25 'Cmp' <Latency = 0> <II = 1> <Delay = 1.13> <FuncUnit> <Opcode : 'icmp'> <InPorts = 2> <OutPorts = 1>
ST_4 : Operation 180 [1/1] (0.97ns)   --->   "%or_cond4 = or i1 %sel_tmp31, %sel_tmp30" [convolve_2d.cpp:47]   --->   Operation 180 'or' 'or_cond4' <Predicate = (!exitcond_flatten8)> <Delay = 0.97> <Core = "LogicGate">   --->   Core 27 'LogicGate' <Latency = 0> <II = 1> <Delay = 0.97> <FuncUnit> <Opcode : 'and' 'or' 'xor'> <InPorts = 2> <OutPorts = 1>
ST_4 : Operation 181 [1/1] (0.00ns) (grouped into LUT with out node or_cond7)   --->   "%or_cond5 = or i1 %sel_tmp29, %sel_tmp28" [convolve_2d.cpp:47]   --->   Operation 181 'or' 'or_cond5' <Predicate = (!exitcond_flatten8)> <Delay = 0.00> <Core = "LogicGate">   --->   Core 27 'LogicGate' <Latency = 0> <II = 1> <Delay = 0.97> <FuncUnit> <Opcode : 'and' 'or' 'xor'> <InPorts = 2> <OutPorts = 1>
ST_4 : Operation 182 [1/1] (0.97ns)   --->   "%or_cond6 = or i1 %sel_tmp27, %sel_tmp26" [convolve_2d.cpp:47]   --->   Operation 182 'or' 'or_cond6' <Predicate = (!exitcond_flatten8)> <Delay = 0.97> <Core = "LogicGate">   --->   Core 27 'LogicGate' <Latency = 0> <II = 1> <Delay = 0.97> <FuncUnit> <Opcode : 'and' 'or' 'xor'> <InPorts = 2> <OutPorts = 1>
ST_4 : Operation 183 [1/1] (0.97ns) (out node of the LUT)   --->   "%or_cond7 = or i1 %or_cond4, %or_cond5" [convolve_2d.cpp:47]   --->   Operation 183 'or' 'or_cond7' <Predicate = (!exitcond_flatten8)> <Delay = 0.97> <Core = "LogicGate">   --->   Core 27 'LogicGate' <Latency = 0> <II = 1> <Delay = 0.97> <FuncUnit> <Opcode : 'and' 'or' 'xor'> <InPorts = 2> <OutPorts = 1>
ST_4 : Operation 184 [1/1] (0.00ns) (grouped into LUT with out node line_buf_0_6)   --->   "%newSel16 = select i1 %or_cond6, i32 %line_buf_0_6_4, i32 %window_1_2" [convolve_2d.cpp:47]   --->   Operation 184 'select' 'newSel16' <Predicate = (!exitcond_flatten8)> <Delay = 0.00> <Core = "Sel">   --->   Core 26 'Sel' <Latency = 0> <II = 1> <Delay = 0.69> <FuncUnit> <Opcode : 'select'> <InPorts = 3> <OutPorts = 1>
ST_4 : Operation 185 [1/1] (0.69ns) (out node of the LUT)   --->   "%line_buf_0_6 = select i1 %or_cond7, i32 %line_buf_0_6_4, i32 %newSel16" [convolve_2d.cpp:47]   --->   Operation 185 'select' 'line_buf_0_6' <Predicate = (!exitcond_flatten8)> <Delay = 0.69> <Core = "Sel">   --->   Core 26 'Sel' <Latency = 0> <II = 1> <Delay = 0.69> <FuncUnit> <Opcode : 'select'> <InPorts = 3> <OutPorts = 1>
ST_4 : Operation 186 [1/1] (0.00ns) (grouped into LUT with out node newSel18)   --->   "%newSel17 = select i1 %sel_tmp27, i32 %line_buf_0_5_4, i32 %window_1_2" [convolve_2d.cpp:52]   --->   Operation 186 'select' 'newSel17' <Predicate = (!exitcond_flatten8)> <Delay = 0.00> <Core = "Sel">   --->   Core 26 'Sel' <Latency = 0> <II = 1> <Delay = 0.69> <FuncUnit> <Opcode : 'select'> <InPorts = 3> <OutPorts = 1>
ST_4 : Operation 187 [1/1] (0.69ns) (out node of the LUT)   --->   "%newSel18 = select i1 %or_cond6, i32 %newSel17, i32 %line_buf_0_5_4" [convolve_2d.cpp:47]   --->   Operation 187 'select' 'newSel18' <Predicate = (!exitcond_flatten8)> <Delay = 0.69> <Core = "Sel">   --->   Core 26 'Sel' <Latency = 0> <II = 1> <Delay = 0.69> <FuncUnit> <Opcode : 'select'> <InPorts = 3> <OutPorts = 1>
ST_4 : Operation 188 [1/1] (0.69ns) (out node of the LUT)   --->   "%line_buf_0_6_5 = select i1 %or_cond7, i32 %line_buf_0_5_4, i32 %newSel18" [convolve_2d.cpp:47]   --->   Operation 188 'select' 'line_buf_0_6_5' <Predicate = (!exitcond_flatten8)> <Delay = 0.69> <Core = "Sel">   --->   Core 26 'Sel' <Latency = 0> <II = 1> <Delay = 0.69> <FuncUnit> <Opcode : 'select'> <InPorts = 3> <OutPorts = 1>
ST_4 : Operation 189 [1/1] (0.00ns) (grouped into LUT with out node line_buf_0_6_7)   --->   "%newSel19 = select i1 %sel_tmp27, i32 %window_1_2, i32 %line_buf_0_6_6" [convolve_2d.cpp:52]   --->   Operation 189 'select' 'newSel19' <Predicate = (!exitcond_flatten8)> <Delay = 0.00> <Core = "Sel">   --->   Core 26 'Sel' <Latency = 0> <II = 1> <Delay = 0.69> <FuncUnit> <Opcode : 'select'> <InPorts = 3> <OutPorts = 1>
ST_4 : Operation 190 [1/1] (0.69ns) (out node of the LUT)   --->   "%line_buf_0_6_7 = select i1 %or_cond7, i32 %line_buf_0_6_6, i32 %newSel19" [convolve_2d.cpp:47]   --->   Operation 190 'select' 'line_buf_0_6_7' <Predicate = (!exitcond_flatten8)> <Delay = 0.69> <Core = "Sel">   --->   Core 26 'Sel' <Latency = 0> <II = 1> <Delay = 0.69> <FuncUnit> <Opcode : 'select'> <InPorts = 3> <OutPorts = 1>
ST_4 : Operation 191 [1/1] (0.00ns) (grouped into LUT with out node newSel21)   --->   "%newSel20 = select i1 %sel_tmp29, i32 %line_buf_0_6_8, i32 %window_1_2" [convolve_2d.cpp:52]   --->   Operation 191 'select' 'newSel20' <Predicate = (!exitcond_flatten8)> <Delay = 0.00> <Core = "Sel">   --->   Core 26 'Sel' <Latency = 0> <II = 1> <Delay = 0.69> <FuncUnit> <Opcode : 'select'> <InPorts = 3> <OutPorts = 1>
ST_4 : Operation 192 [1/1] (0.69ns) (out node of the LUT)   --->   "%newSel21 = select i1 %or_cond4, i32 %line_buf_0_6_8, i32 %newSel20" [convolve_2d.cpp:47]   --->   Operation 192 'select' 'newSel21' <Predicate = (!exitcond_flatten8)> <Delay = 0.69> <Core = "Sel">   --->   Core 26 'Sel' <Latency = 0> <II = 1> <Delay = 0.69> <FuncUnit> <Opcode : 'select'> <InPorts = 3> <OutPorts = 1>
ST_4 : Operation 193 [1/1] (0.69ns) (out node of the LUT)   --->   "%line_buf_0_6_9 = select i1 %or_cond7, i32 %newSel21, i32 %line_buf_0_6_8" [convolve_2d.cpp:47]   --->   Operation 193 'select' 'line_buf_0_6_9' <Predicate = (!exitcond_flatten8)> <Delay = 0.69> <Core = "Sel">   --->   Core 26 'Sel' <Latency = 0> <II = 1> <Delay = 0.69> <FuncUnit> <Opcode : 'select'> <InPorts = 3> <OutPorts = 1>
ST_4 : Operation 194 [1/1] (0.00ns) (grouped into LUT with out node line_buf_0_6_16)   --->   "%newSel22 = select i1 %sel_tmp29, i32 %window_1_2, i32 %line_buf_0_6_15" [convolve_2d.cpp:52]   --->   Operation 194 'select' 'newSel22' <Predicate = (!exitcond_flatten8)> <Delay = 0.00> <Core = "Sel">   --->   Core 26 'Sel' <Latency = 0> <II = 1> <Delay = 0.69> <FuncUnit> <Opcode : 'select'> <InPorts = 3> <OutPorts = 1>
ST_4 : Operation 195 [1/1] (0.69ns) (out node of the LUT)   --->   "%line_buf_0_6_16 = select i1 %or_cond4, i32 %line_buf_0_6_15, i32 %newSel22" [convolve_2d.cpp:47]   --->   Operation 195 'select' 'line_buf_0_6_16' <Predicate = (!exitcond_flatten8)> <Delay = 0.69> <Core = "Sel">   --->   Core 26 'Sel' <Latency = 0> <II = 1> <Delay = 0.69> <FuncUnit> <Opcode : 'select'> <InPorts = 3> <OutPorts = 1>
ST_4 : Operation 196 [1/1] (0.00ns) (grouped into LUT with out node line_buf_0_6_18)   --->   "%line_buf_0_6_17 = select i1 %sel_tmp30, i32 %window_1_2, i32 %line_buf_0_6_2" [convolve_2d.cpp:52]   --->   Operation 196 'select' 'line_buf_0_6_17' <Predicate = (!exitcond_flatten8)> <Delay = 0.00> <Core = "Sel">   --->   Core 26 'Sel' <Latency = 0> <II = 1> <Delay = 0.69> <FuncUnit> <Opcode : 'select'> <InPorts = 3> <OutPorts = 1>
ST_4 : Operation 197 [1/1] (0.69ns) (out node of the LUT)   --->   "%line_buf_0_6_18 = select i1 %sel_tmp31, i32 %line_buf_0_6_2, i32 %line_buf_0_6_17" [convolve_2d.cpp:52]   --->   Operation 197 'select' 'line_buf_0_6_18' <Predicate = (!exitcond_flatten8)> <Delay = 0.69> <Core = "Sel">   --->   Core 26 'Sel' <Latency = 0> <II = 1> <Delay = 0.69> <FuncUnit> <Opcode : 'select'> <InPorts = 3> <OutPorts = 1>
ST_4 : Operation 198 [1/1] (0.69ns)   --->   "%line_buf_0_6_19 = select i1 %sel_tmp31, i32 %window_1_2, i32 %line_buf_0_6_3" [convolve_2d.cpp:52]   --->   Operation 198 'select' 'line_buf_0_6_19' <Predicate = (!exitcond_flatten8)> <Delay = 0.69> <Core = "Sel">   --->   Core 26 'Sel' <Latency = 0> <II = 1> <Delay = 0.69> <FuncUnit> <Opcode : 'select'> <InPorts = 3> <OutPorts = 1>
ST_4 : Operation 199 [1/1] (0.00ns) (grouped into LUT with out node line_buf_1_6)   --->   "%newSel23 = select i1 %or_cond6, i32 %line_buf_1_6_4, i32 %tmp_5" [convolve_2d.cpp:47]   --->   Operation 199 'select' 'newSel23' <Predicate = (!exitcond_flatten8)> <Delay = 0.00> <Core = "Sel">   --->   Core 26 'Sel' <Latency = 0> <II = 1> <Delay = 0.69> <FuncUnit> <Opcode : 'select'> <InPorts = 3> <OutPorts = 1>
ST_4 : Operation 200 [1/1] (0.69ns) (out node of the LUT)   --->   "%line_buf_1_6 = select i1 %or_cond7, i32 %line_buf_1_6_4, i32 %newSel23" [convolve_2d.cpp:47]   --->   Operation 200 'select' 'line_buf_1_6' <Predicate = (!exitcond_flatten8)> <Delay = 0.69> <Core = "Sel">   --->   Core 26 'Sel' <Latency = 0> <II = 1> <Delay = 0.69> <FuncUnit> <Opcode : 'select'> <InPorts = 3> <OutPorts = 1>
ST_4 : Operation 201 [1/1] (0.00ns) (grouped into LUT with out node newSel25)   --->   "%newSel24 = select i1 %sel_tmp27, i32 %line_buf_1_5_4, i32 %tmp_5" [convolve_2d.cpp:52]   --->   Operation 201 'select' 'newSel24' <Predicate = (!exitcond_flatten8)> <Delay = 0.00> <Core = "Sel">   --->   Core 26 'Sel' <Latency = 0> <II = 1> <Delay = 0.69> <FuncUnit> <Opcode : 'select'> <InPorts = 3> <OutPorts = 1>
ST_4 : Operation 202 [1/1] (0.69ns) (out node of the LUT)   --->   "%newSel25 = select i1 %or_cond6, i32 %newSel24, i32 %line_buf_1_5_4" [convolve_2d.cpp:47]   --->   Operation 202 'select' 'newSel25' <Predicate = (!exitcond_flatten8)> <Delay = 0.69> <Core = "Sel">   --->   Core 26 'Sel' <Latency = 0> <II = 1> <Delay = 0.69> <FuncUnit> <Opcode : 'select'> <InPorts = 3> <OutPorts = 1>
ST_4 : Operation 203 [1/1] (0.69ns) (out node of the LUT)   --->   "%line_buf_1_6_7 = select i1 %or_cond7, i32 %line_buf_1_5_4, i32 %newSel25" [convolve_2d.cpp:47]   --->   Operation 203 'select' 'line_buf_1_6_7' <Predicate = (!exitcond_flatten8)> <Delay = 0.69> <Core = "Sel">   --->   Core 26 'Sel' <Latency = 0> <II = 1> <Delay = 0.69> <FuncUnit> <Opcode : 'select'> <InPorts = 3> <OutPorts = 1>
ST_4 : Operation 204 [1/1] (0.00ns) (grouped into LUT with out node line_buf_1_6_9)   --->   "%newSel26 = select i1 %sel_tmp27, i32 %tmp_5, i32 %line_buf_1_6_8" [convolve_2d.cpp:52]   --->   Operation 204 'select' 'newSel26' <Predicate = (!exitcond_flatten8)> <Delay = 0.00> <Core = "Sel">   --->   Core 26 'Sel' <Latency = 0> <II = 1> <Delay = 0.69> <FuncUnit> <Opcode : 'select'> <InPorts = 3> <OutPorts = 1>
ST_4 : Operation 205 [1/1] (0.69ns) (out node of the LUT)   --->   "%line_buf_1_6_9 = select i1 %or_cond7, i32 %line_buf_1_6_8, i32 %newSel26" [convolve_2d.cpp:47]   --->   Operation 205 'select' 'line_buf_1_6_9' <Predicate = (!exitcond_flatten8)> <Delay = 0.69> <Core = "Sel">   --->   Core 26 'Sel' <Latency = 0> <II = 1> <Delay = 0.69> <FuncUnit> <Opcode : 'select'> <InPorts = 3> <OutPorts = 1>
ST_4 : Operation 206 [1/1] (0.00ns) (grouped into LUT with out node newSel28)   --->   "%newSel27 = select i1 %sel_tmp29, i32 %line_buf_1_6_17, i32 %tmp_5" [convolve_2d.cpp:52]   --->   Operation 206 'select' 'newSel27' <Predicate = (!exitcond_flatten8)> <Delay = 0.00> <Core = "Sel">   --->   Core 26 'Sel' <Latency = 0> <II = 1> <Delay = 0.69> <FuncUnit> <Opcode : 'select'> <InPorts = 3> <OutPorts = 1>
ST_4 : Operation 207 [1/1] (0.69ns) (out node of the LUT)   --->   "%newSel28 = select i1 %or_cond4, i32 %line_buf_1_6_17, i32 %newSel27" [convolve_2d.cpp:47]   --->   Operation 207 'select' 'newSel28' <Predicate = (!exitcond_flatten8)> <Delay = 0.69> <Core = "Sel">   --->   Core 26 'Sel' <Latency = 0> <II = 1> <Delay = 0.69> <FuncUnit> <Opcode : 'select'> <InPorts = 3> <OutPorts = 1>
ST_4 : Operation 208 [1/1] (0.69ns) (out node of the LUT)   --->   "%line_buf_1_6_18 = select i1 %or_cond7, i32 %newSel28, i32 %line_buf_1_6_17" [convolve_2d.cpp:47]   --->   Operation 208 'select' 'line_buf_1_6_18' <Predicate = (!exitcond_flatten8)> <Delay = 0.69> <Core = "Sel">   --->   Core 26 'Sel' <Latency = 0> <II = 1> <Delay = 0.69> <FuncUnit> <Opcode : 'select'> <InPorts = 3> <OutPorts = 1>
ST_4 : Operation 209 [1/1] (0.00ns) (grouped into LUT with out node line_buf_1_6_19)   --->   "%newSel29 = select i1 %sel_tmp29, i32 %tmp_5, i32 %line_buf_1_6_3" [convolve_2d.cpp:52]   --->   Operation 209 'select' 'newSel29' <Predicate = (!exitcond_flatten8)> <Delay = 0.00> <Core = "Sel">   --->   Core 26 'Sel' <Latency = 0> <II = 1> <Delay = 0.69> <FuncUnit> <Opcode : 'select'> <InPorts = 3> <OutPorts = 1>
ST_4 : Operation 210 [1/1] (0.69ns) (out node of the LUT)   --->   "%line_buf_1_6_19 = select i1 %or_cond4, i32 %line_buf_1_6_3, i32 %newSel29" [convolve_2d.cpp:47]   --->   Operation 210 'select' 'line_buf_1_6_19' <Predicate = (!exitcond_flatten8)> <Delay = 0.69> <Core = "Sel">   --->   Core 26 'Sel' <Latency = 0> <II = 1> <Delay = 0.69> <FuncUnit> <Opcode : 'select'> <InPorts = 3> <OutPorts = 1>
ST_4 : Operation 211 [1/1] (0.00ns) (grouped into LUT with out node line_buf_1_6_21)   --->   "%line_buf_1_6_20 = select i1 %sel_tmp30, i32 %tmp_5, i32 %line_buf_1_6_5" [convolve_2d.cpp:52]   --->   Operation 211 'select' 'line_buf_1_6_20' <Predicate = (!exitcond_flatten8)> <Delay = 0.00> <Core = "Sel">   --->   Core 26 'Sel' <Latency = 0> <II = 1> <Delay = 0.69> <FuncUnit> <Opcode : 'select'> <InPorts = 3> <OutPorts = 1>
ST_4 : Operation 212 [1/1] (0.69ns) (out node of the LUT)   --->   "%line_buf_1_6_21 = select i1 %sel_tmp31, i32 %line_buf_1_6_5, i32 %line_buf_1_6_20" [convolve_2d.cpp:52]   --->   Operation 212 'select' 'line_buf_1_6_21' <Predicate = (!exitcond_flatten8)> <Delay = 0.69> <Core = "Sel">   --->   Core 26 'Sel' <Latency = 0> <II = 1> <Delay = 0.69> <FuncUnit> <Opcode : 'select'> <InPorts = 3> <OutPorts = 1>
ST_4 : Operation 213 [1/1] (0.69ns)   --->   "%line_buf_1_6_22 = select i1 %sel_tmp31, i32 %tmp_5, i32 %line_buf_1_6_10" [convolve_2d.cpp:52]   --->   Operation 213 'select' 'line_buf_1_6_22' <Predicate = (!exitcond_flatten8)> <Delay = 0.69> <Core = "Sel">   --->   Core 26 'Sel' <Latency = 0> <II = 1> <Delay = 0.69> <FuncUnit> <Opcode : 'select'> <InPorts = 3> <OutPorts = 1>
ST_4 : Operation 214 [1/1] (1.13ns)   --->   "%tmp_7 = icmp ne i3 %x_assign_mid2, 0" [convolve_2d.cpp:54]   --->   Operation 214 'icmp' 'tmp_7' <Predicate = (!exitcond_flatten8)> <Delay = 1.13> <Core = "Cmp">   --->   Core 25 'Cmp' <Latency = 0> <II = 1> <Delay = 1.13> <FuncUnit> <Opcode : 'icmp'> <InPorts = 2> <OutPorts = 1>
ST_4 : Operation 215 [1/1] (0.99ns) (out node of the LUT)   --->   "%or_cond_4 = and i1 %tmp_1_mid2, %tmp_7" [convolve_2d.cpp:54]   --->   Operation 215 'and' 'or_cond_4' <Predicate = (!exitcond_flatten8)> <Delay = 0.99> <Core = "LogicGate">   --->   Core 27 'LogicGate' <Latency = 0> <II = 1> <Delay = 0.97> <FuncUnit> <Opcode : 'and' 'or' 'xor'> <InPorts = 2> <OutPorts = 1>
ST_4 : Operation 216 [1/1] (0.00ns)   --->   "store i32 %window_1_2, i32* %window_1_1" [convolve_2d.cpp:47]   --->   Operation 216 'store' <Predicate = (!exitcond_flatten8)> <Delay = 0.00>
ST_4 : Operation 217 [1/1] (0.00ns)   --->   "store i32 %window_0_2, i32* %window_0_1" [convolve_2d.cpp:47]   --->   Operation 217 'store' <Predicate = (!exitcond_flatten8)> <Delay = 0.00>
ST_4 : Operation 218 [1/1] (0.00ns)   --->   "store i32 %tmp_5, i32* %window_2_1" [convolve_2d.cpp:40]   --->   Operation 218 'store' <Predicate = (!exitcond_flatten8)> <Delay = 0.00>
ST_4 : Operation 219 [1/1] (0.00ns)   --->   "br i1 %or_cond_4, label %1, label %._crit_edge14" [convolve_2d.cpp:54]   --->   Operation 219 'br' <Predicate = (!exitcond_flatten8)> <Delay = 0.00>
ST_4 : Operation 220 [1/1] (0.00ns)   --->   "%empty_3 = call i32 (...)* @_ssdm_op_SpecRegionEnd([19 x i8]* @p_str9, i32 %tmp_4)" [convolve_2d.cpp:58]   --->   Operation 220 'specregionend' 'empty_3' <Predicate = (!exitcond_flatten8)> <Delay = 0.00>
ST_4 : Operation 221 [1/1] (1.65ns)   --->   "%x = add i3 %x_assign_mid2, 1" [convolve_2d.cpp:37]   --->   Operation 221 'add' 'x' <Predicate = (!exitcond_flatten8)> <Delay = 1.65> <Core = "AddSub">   --->   Core 14 'AddSub' <Latency = 0> <II = 1> <Delay = 1.65> <FuncUnit> <Opcode : 'add' 'sub'> <InPorts = 2> <OutPorts = 1>
ST_4 : Operation 222 [1/1] (0.00ns)   --->   "br label %.preheader11.preheader"   --->   Operation 222 'br' <Predicate = (!exitcond_flatten8)> <Delay = 0.00>

State 5 <SV = 4> <Delay = 8.51>
ST_5 : Operation 223 [4/4] (8.51ns)   --->   "%result = call fastcc i32 @convolve(i32 %window_0_0_load, i32 %window_0_1_load_1, i32 %window_0_2, i32 %window_1_0_load, i32 %window_1_1_load_1, i32 %window_1_2, i32 %window_2_0_load, i32 %window_2_1_load_1, i32 %tmp_5, i32* %kernel_0_0, i32* %kernel_0_1, i32* %kernel_0_2, i32* %kernel_1_0, i32* %kernel_1_1, i32* %kernel_1_2, i32* %kernel_2_0, i32* %kernel_2_1, i32* %kernel_2_2)" [convolve_2d.cpp:55]   --->   Operation 223 'call' 'result' <Predicate = (or_cond_4)> <Delay = 8.51> <CoreType = "Generic">   --->   Core 0 '' <Latency = 0> <II = 1> <Delay = 1.00> <Generic> <Opcode : >

State 6 <SV = 5> <Delay = 8.74>
ST_6 : Operation 224 [3/4] (8.74ns)   --->   "%result = call fastcc i32 @convolve(i32 %window_0_0_load, i32 %window_0_1_load_1, i32 %window_0_2, i32 %window_1_0_load, i32 %window_1_1_load_1, i32 %window_1_2, i32 %window_2_0_load, i32 %window_2_1_load_1, i32 %tmp_5, i32* %kernel_0_0, i32* %kernel_0_1, i32* %kernel_0_2, i32* %kernel_1_0, i32* %kernel_1_1, i32* %kernel_1_2, i32* %kernel_2_0, i32* %kernel_2_1, i32* %kernel_2_2)" [convolve_2d.cpp:55]   --->   Operation 224 'call' 'result' <Predicate = (or_cond_4)> <Delay = 8.74> <CoreType = "Generic">   --->   Core 0 '' <Latency = 0> <II = 1> <Delay = 1.00> <Generic> <Opcode : >

State 7 <SV = 6> <Delay = 8.74>
ST_7 : Operation 225 [2/4] (8.74ns)   --->   "%result = call fastcc i32 @convolve(i32 %window_0_0_load, i32 %window_0_1_load_1, i32 %window_0_2, i32 %window_1_0_load, i32 %window_1_1_load_1, i32 %window_1_2, i32 %window_2_0_load, i32 %window_2_1_load_1, i32 %tmp_5, i32* %kernel_0_0, i32* %kernel_0_1, i32* %kernel_0_2, i32* %kernel_1_0, i32* %kernel_1_1, i32* %kernel_1_2, i32* %kernel_2_0, i32* %kernel_2_1, i32* %kernel_2_2)" [convolve_2d.cpp:55]   --->   Operation 225 'call' 'result' <Predicate = (or_cond_4)> <Delay = 8.74> <CoreType = "Generic">   --->   Core 0 '' <Latency = 0> <II = 1> <Delay = 1.00> <Generic> <Opcode : >

State 8 <SV = 7> <Delay = 4.37>
ST_8 : Operation 226 [1/4] (4.37ns)   --->   "%result = call fastcc i32 @convolve(i32 %window_0_0_load, i32 %window_0_1_load_1, i32 %window_0_2, i32 %window_1_0_load, i32 %window_1_1_load_1, i32 %window_1_2, i32 %window_2_0_load, i32 %window_2_1_load_1, i32 %tmp_5, i32* %kernel_0_0, i32* %kernel_0_1, i32* %kernel_0_2, i32* %kernel_1_0, i32* %kernel_1_1, i32* %kernel_1_2, i32* %kernel_2_0, i32* %kernel_2_1, i32* %kernel_2_2)" [convolve_2d.cpp:55]   --->   Operation 226 'call' 'result' <Predicate = (or_cond_4)> <Delay = 4.37> <CoreType = "Generic">   --->   Core 0 '' <Latency = 0> <II = 1> <Delay = 1.00> <Generic> <Opcode : >
ST_8 : Operation 227 [2/2] (0.00ns)   --->   "call void @_ssdm_op_Write.axis.volatile.i32P(i32* %out_stream_V, i32 %result)" [convolve_2d.cpp:56]   --->   Operation 227 'write' <Predicate = (or_cond_4)> <Delay = 0.00> <Core = "AXI4Stream">   --->   Core 5 'AXI4Stream' <Latency = 0> <II = 1> <Delay = 1.00> <Adapter> <Opcode : >

State 9 <SV = 8> <Delay = 0.00>
ST_9 : Operation 228 [1/2] (0.00ns)   --->   "call void @_ssdm_op_Write.axis.volatile.i32P(i32* %out_stream_V, i32 %result)" [convolve_2d.cpp:56]   --->   Operation 228 'write' <Predicate = (or_cond_4)> <Delay = 0.00> <Core = "AXI4Stream">   --->   Core 5 'AXI4Stream' <Latency = 0> <II = 1> <Delay = 1.00> <Adapter> <Opcode : >
ST_9 : Operation 229 [1/1] (0.00ns)   --->   "br label %._crit_edge14" [convolve_2d.cpp:57]   --->   Operation 229 'br' <Predicate = (or_cond_4)> <Delay = 0.00>

State 10 <SV = 4> <Delay = 0.00>
ST_10 : Operation 230 [1/1] (0.00ns)   --->   "ret void" [convolve_2d.cpp:60]   --->   Operation 230 'ret' <Predicate = true> <Delay = 0.00>


============================================================
+ Verbose Summary: Timing violations
============================================================
Target clock period: 10ns, clock uncertainty: 1.25ns.

 <State 1>: 1.77ns
The critical path consists of the following:
	multiplexor before 'phi' operation ('indvar_flatten') with incoming values : ('indvar_flatten_next') [29]  (1.77 ns)

 <State 2>: 5.89ns
The critical path consists of the following:
	'phi' operation ('j') with incoming values : ('j', convolve_2d.cpp:33) [45]  (0 ns)
	'icmp' operation ('exitcond', convolve_2d.cpp:33) [51]  (1.13 ns)
	'select' operation ('j_mid2', convolve_2d.cpp:33) [52]  (0.98 ns)
	'icmp' operation ('sel_tmp10', convolve_2d.cpp:34) [69]  (1.13 ns)
	'or' operation ('or_cond', convolve_2d.cpp:34) [100]  (0.978 ns)
	'or' operation ('or_cond3', convolve_2d.cpp:34) [104]  (0.978 ns)
	'select' operation ('newSel2', convolve_2d.cpp:34) [106]  (0.698 ns)

 <State 3>: 1.77ns
The critical path consists of the following:
	multiplexor before 'phi' operation ('indvar_flatten6') with incoming values : ('indvar_flatten_next7') [133]  (1.77 ns)

 <State 4>: 5.91ns
The critical path consists of the following:
	'phi' operation ('x') with incoming values : ('x', convolve_2d.cpp:37) [149]  (0 ns)
	'icmp' operation ('exitcond1', convolve_2d.cpp:37) [167]  (1.13 ns)
	'select' operation ('x_assign_mid2', convolve_2d.cpp:37) [168]  (0.98 ns)
	'mux' operation ('window[1][2]', convolve_2d.cpp:47) [179]  (2.4 ns)
	'select' operation ('newSel17', convolve_2d.cpp:52) [192]  (0 ns)
	'select' operation ('newSel18', convolve_2d.cpp:47) [193]  (0.698 ns)
	'select' operation ('line_buf[0][6]', convolve_2d.cpp:47) [194]  (0.698 ns)

 <State 5>: 8.51ns
The critical path consists of the following:
	'call' operation ('result', convolve_2d.cpp:55) to 'convolve' [227]  (8.51 ns)

 <State 6>: 8.74ns
The critical path consists of the following:
	'call' operation ('result', convolve_2d.cpp:55) to 'convolve' [227]  (8.74 ns)

 <State 7>: 8.74ns
The critical path consists of the following:
	'call' operation ('result', convolve_2d.cpp:55) to 'convolve' [227]  (8.74 ns)

 <State 8>: 4.37ns
The critical path consists of the following:
	'call' operation ('result', convolve_2d.cpp:55) to 'convolve' [227]  (4.37 ns)

 <State 9>: 0ns
The critical path consists of the following:

 <State 10>: 0ns
The critical path consists of the following:


============================================================
+ Verbose Summary: Binding
============================================================
N/A
* FSMD analyzer results:
  - Output states:
 - Input state : 
  - Chain level:
	State 1
	State 2
	State 3
	State 4
	State 5
	State 6
	State 7
	State 8
	State 9
	State 10


============================================================
+ Verbose Summary: Datapath Resource usage 
============================================================
N/A
